******************************************************************************
                  TI ARM Linker PC v20.2.5                     
******************************************************************************
>> Linked Thu Apr 27 12:49:08 2023

OUTPUT FILE NAME:   <FinalProject.out>
ENTRY POINT SYMBOL: "_c_int00_noargs"  address: 00006195


MEMORY CONFIGURATION

         name            origin    length      used     unused   attr    fill
----------------------  --------  ---------  --------  --------  ----  --------
  MAIN                  00000000   00040000  000067d8  00039828  R  X
  INFO                  00200000   00004000  00000000  00004000  R  X
  SRAM_CODE             01000000   00010000  0000116e  0000ee92  RW X
  SRAM_DATA             20000000   00010000  0000116e  0000ee92  RW  


SEGMENT ALLOCATION MAP

run origin  load origin   length   init length attrs members
----------  ----------- ---------- ----------- ----- -------
00000000    00000000    000067d8   000067d8    r-x
  00000000    00000000    000000e4   000000e4    r-- .intvecs
  000000e4    000000e4    000062e4   000062e4    r-x .text
  000063c8    000063c8    000002c8   000002c8    r-- .const
  00006690    00006690    00000148   00000148    r-- .cinit
20000000    20000000    00000f74   00000000    rw-
  20000000    20000000    0000086a   00000000    rw- .bss
  20000870    20000870    00000400   00000000    rw- .sysmem
  20000c70    20000c70    00000304   00000000    rw- .data
2000fe00    2000fe00    00000200   00000000    rw-
  2000fe00    2000fe00    00000200   00000000    rw- .stack


SECTION ALLOCATION MAP

 output                                  attributes/
section   page    origin      length       input sections
--------  ----  ----------  ----------   ----------------
.intvecs   0    00000000    000000e4     
                  00000000    000000e4     startup_msp432p401r_ccs.obj (.intvecs:retain)

.text      0    000000e4    000062e4     
                  000000e4    00001850     SSD1306.obj (.text)
                  00001934    0000100c     AP.obj (.text)
                  00002940    000009d0     rtsv7M4_T_le_v4SPD16_eabi.lib : e_pow.c.obj (.text:pow)
                  00003310    000006cc     UART0.obj (.text)
                  000039dc    000006ac     main.obj (.text)
                  00004088    00000334     system_msp432p401r.obj (.text)
                  000043bc    000001e0     Clock.obj (.text)
                  0000459c    000001b8     Motor.obj (.text)
                  00004754    000001b6     rtsv7M4_T_le_v4SPD16_eabi.lib : fd_add_t2.asm.obj (.text)
                  0000490a    00000002                                   : _lock.c.obj (.text:_nop)
                  0000490c    000001a4     UART1.obj (.text)
                  00004ab0    00000158     BumpInt.obj (.text)
                  00004c08    00000158     rtsv7M4_T_le_v4SPD16_eabi.lib : e_sqrt.c.obj (.text:sqrt)
                  00004d60    00000136                                   : fd_div_t2.asm.obj (.text)
                  00004e96    00000002     --HOLE-- [fill = 0]
                  00004e98    00000114     Reflectance.obj (.text)
                  00004fac    00000110     rtsv7M4_T_le_v4SPD16_eabi.lib : fopen.c.obj (.text:_openfile)
                  000050bc    00000110                                   : s_scalbn.c.obj (.text:scalbn)
                  000051cc    00000100                                   : memory.c.obj (.text:aligned_alloc)
                  000052cc    000000fc                                   : fd_mul_t2.asm.obj (.text)
                  000053c8    000000e4                                   : memory.c.obj (.text:free)
                  000054ac    000000dc                                   : setvbuf.c.obj (.text:setvbuf)
                  00005588    000000c8     Init_Ports.obj (.text)
                  00005650    000000c0     GPIO.obj (.text)
                  00005710    000000bc     rtsv7M4_T_le_v4SPD16_eabi.lib : open.c.obj (.text:open)
                  000057cc    000000b8                                   : add_device.c.obj (.text:add_device)
                  00005884    0000009c                                   : fopen.c.obj (.text:fopen)
                  00005920    0000009c                                   : memcpy_t2.asm.obj (.text)
                  000059bc    00000086                                   : fd_cmp_t2.asm.obj (.text:__aeabi_cdcmple)
                  00005a42    00000086                                   : fd_cmp_t2.asm.obj (.text:__aeabi_cdrcmple)
                  00005ac8    0000007a                                   : memset_t2.asm.obj (.text)
                  00005b42    00000002     --HOLE-- [fill = 0]
                  00005b44    00000074                                   : fclose.c.obj (.text:__TI_closefile)
                  00005bb8    00000070                                   : memory.c.obj (.text:split)
                  00005c28    0000006c                                   : hostrename.c.obj (.text:HOSTrename)
                  00005c94    00000068                                   : hostlseek.c.obj (.text:HOSTlseek)
                  00005cfc    00000068                                   : copy_decompress_lzss.c.obj (.text:decompress:lzss:__TI_decompress_lzss)
                  00005d64    00000060                                   : hostopen.c.obj (.text:HOSTopen)
                  00005dc4    0000005c                                   : close.c.obj (.text:close)
                  00005e20    00000058                                   : hostread.c.obj (.text:HOSTread)
                  00005e78    00000058                                   : hostwrite.c.obj (.text:HOSTwrite)
                  00005ed0    0000004c                                   : fflush.c.obj (.text:__TI_doflush)
                  00005f1c    00000048                                   : exit.c.obj (.text:exit)
                  00005f64    00000048                                   : fd_toi_t2.asm.obj (.text)
                  00005fac    00000044                                   : hostclose.c.obj (.text:HOSTclose)
                  00005ff0    00000044                                   : hostunlink.c.obj (.text:HOSTunlink)
                  00006034    00000044                                   : autoinit.c.obj (.text:__TI_auto_init_nobinit_nopinit:__TI_auto_init_nobinit_nopinit)
                  00006078    00000044                                   : getdevice.c.obj (.text:getdevice)
                  000060bc    00000038                                   : trgmsg.c.obj (.text:__TI_writemsg)
                  000060f4    00000036                                   : strncpy.c.obj (.text:strncpy)
                  0000612a    00000002     --HOLE-- [fill = 0]
                  0000612c    00000034                                   : fopen.c.obj (.text:__TI_cleanup)
                  00006160    00000034                                   : trgmsg.c.obj (.text:__TI_readmsg)
                  00006194    00000034                                   : boot_cortex_m.c.obj (.text:_c_int00_noargs:_c_int00_noargs)
                  000061c8    00000034                                   : fopen.c.obj (.text:freopen)
                  000061fc    00000030                                   : getdevice.c.obj (.text:finddevice)
                  0000622c    0000002e                                   : i_tofd_t2.asm.obj (.text)
                  0000625a    00000002     --HOLE-- [fill = 0]
                  0000625c    0000002c                                   : unlink.c.obj (.text:unlink)
                  00006288    00000028                                   : memory.c.obj (.text:free_list_insert)
                  000062b0    00000028                                   : write.c.obj (.text:write)
                  000062d8    00000024     CortexM.obj (.text)
                  000062fc    0000001c     rtsv7M4_T_le_v4SPD16_eabi.lib : memory.c.obj (.text:free_list_remove)
                  00006318    0000001a                                   : s_copysign.c.obj (.text:copysign)
                  00006332    00000018                                   : strcmp.c.obj (.text:strcmp)
                  0000634a    00000016                                   : strchr.c.obj (.text:strchr)
                  00006360    00000014                                   : strcpy.c.obj (.text:strcpy)
                  00006374    00000014                                   : strlen.c.obj (.text:strlen)
                  00006388    0000000e                                   : copy_decompress_none.c.obj (.text:decompress:none:__TI_decompress_none)
                  00006396    0000000e     startup_msp432p401r_ccs.obj (.text)
                  000063a4    0000000c     rtsv7M4_T_le_v4SPD16_eabi.lib : copy_zero_init.c.obj (.text:decompress:ZI:__TI_zero_init)
                  000063b0    00000008                                   : errno.c.obj (.text:__aeabi_errno_addr)
                  000063b8    00000008                                   : memory.c.obj (.text:malloc)
                  000063c0    00000004                                   : pre_init.c.obj (.text:_system_pre_init)
                  000063c4    00000004                                   : exit.c.obj (.text:abort:abort)

.const     0    000063c8    000002c8     
                  000063c8    000001e0     SSD1306.obj (.const:ASCII)
                  000065a8    00000038     Reflectance.obj (.const:$P$T0$1)
                  000065e0    00000030     rtsv7M4_T_le_v4SPD16_eabi.lib : e_pow.c.obj (.const:$O1$$)
                  00006610    00000014     AP.obj (.const:.string:NPI_StartAdvertisement)
                  00006624    00000011     AP.obj (.const:.string:NPI_SetAdvertisement1)
                  00006635    00000009     AP.obj (.const:.string:HCI_EXT_ResetSystemCmd)
                  0000663e    00000008     SSD1306.obj (.const:.string:postmask)
                  00006646    00000008     SSD1306.obj (.const:.string:premask)
                  0000664e    00000006     AP.obj (.const:.string:NPI_GetStatus)
                  00006654    00000006     AP.obj (.const:.string:NPI_GetVersion)
                  0000665a    00000006     AP.obj (.const:.string:NPI_Register)
                  00006660    00000006     SSD1306.obj (.const:.string:init5)
                  00006666    00000005     SSD1306.obj (.const:.string:dlist1)
                  0000666b    00000004     SSD1306.obj (.const:.string:init1)
                  0000666f    00000004     SSD1306.obj (.const:.string:init2)
                  00006673    00000004     SSD1306.obj (.const:.string:init3)
                  00006677    00000003     SSD1306.obj (.const:.string:init4b)
                  0000667a    00000003     SSD1306.obj (.const:.string:scrollList1b)
                  0000667d    00000003     SSD1306.obj (.const:.string:scrollList2b)
                  00006680    00000002     SSD1306.obj (.const:.string:scrollList1a)
                  00006682    00000002     SSD1306.obj (.const:.string:scrollList2a)
                  00006684    00000002     SSD1306.obj (.const:.string:scrollList3a)
                  00006686    00000002     SSD1306.obj (.const:.string:scrollList3b)
                  00006688    00000002     SSD1306.obj (.const:.string:scrollList3c)
                  0000668a    00000002     SSD1306.obj (.const:.string:scrollList4a)
                  0000668c    00000002     SSD1306.obj (.const:.string:scrollList4b)
                  0000668e    00000002     SSD1306.obj (.const:.string:scrollList4c)

.cinit     0    00006690    00000148     
                  00006690    0000011e     (.cinit..data.load) [load image, compression = lzss]
                  000067ae    00000002     --HOLE-- [fill = 0]
                  000067b0    0000000c     (__TI_handler_table)
                  000067bc    00000004     --HOLE-- [fill = 0]
                  000067c0    00000008     (.cinit..bss.load) [load image, compression = zero_init]
                  000067c8    00000010     (__TI_cinit_table)

.init_array 
*          0    00000000    00000000     UNINITIALIZED

.binit     0    00000000    00000000     

.bss       0    20000000    0000086a     UNINITIALIZED
                  20000000    00000400     (.common:buffer)
                  20000400    00000120     rtsv7M4_T_le_v4SPD16_eabi.lib : trgmsg.c.obj (.bss:_CIOBUF_)
                  20000520    00000100     (.common:RxFIFO)
                  20000620    000000a0     (.common:CharacteristicList)
                  200006c0    000000a0     (.common:__TI_tmpnams)
                  20000760    00000080     (.common:RecvBuf)
                  200007e0    00000050     (.common:NotifyCharacteristicList)
                  20000830    00000008     (.common:Messageb)
                  20000838    00000008     (.common:parmbuf)
                  20000840    00000004     (.common:Messageindexb)
                  20000844    00000004     (.common:NoSOFErr)
                  20000848    00000004     (.common:RxFifoLost)
                  2000084c    00000004     (.common:RxGetI)
                  20000850    00000004     (.common:RxPutI)
                  20000854    00000004     (.common:TimeOutErr)
                  20000858    00000004     (.common:fcserr)
                  2000085c    00000004     (.common:rotation)
                  20000860    00000004     (.common:vccstate)
                  20000864    00000002     (.common:StartX)
                  20000866    00000002     (.common:StartY)
                  20000868    00000001     (.common:BT_ByteData)
                  20000869    00000001     (.common:wasRight)

.sysmem    0    20000870    00000400     UNINITIALIZED
                  20000870    00000010     rtsv7M4_T_le_v4SPD16_eabi.lib : memory.c.obj (.sysmem)
                  20000880    000003f0     --HOLE--

.data      0    20000c70    00000304     UNINITIALIZED
                  20000c70    000000f0     rtsv7M4_T_le_v4SPD16_eabi.lib : defs.c.obj (.data:_ftable)
                  20000d60    00000078                                   : host_device.c.obj (.data:_device)
                  20000dd8    00000050                                   : host_device.c.obj (.data:_stream)
                  20000e28    00000025     AP.obj (.data:NPI_SetAdvertisementData)
                  20000e4d    00000020     AP.obj (.data:NPI_AddCharDescriptor)
                  20000e6d    0000001e     AP.obj (.data:NPI_SetAdvertisementDataJacki)
                  20000e8b    0000001c     AP.obj (.data:NPI_GATTSetDeviceName)
                  20000ea7    00000001     --HOLE--
                  20000ea8    00000018     Clock.obj (.data)
                  20000ec0    00000015     AP.obj (.data:NPI_ReadConfirmation)
                  20000ed5    00000014     AP.obj (.data:NPI_SendNotificationIndication)
                  20000ee9    00000003     --HOLE--
                  20000eec    00000010     rtsv7M4_T_le_v4SPD16_eabi.lib : defs.c.obj (.data)
                  20000efc    0000000f     BumpInt.obj (.data)
                  20000f0b    0000000e     AP.obj (.data:NPI_AddCharValue)
                  20000f19    00000003     --HOLE--
                  20000f1c    0000000c     rtsv7M4_T_le_v4SPD16_eabi.lib : exit.c.obj (.data:$O1$$)
                  20000f28    00000009     AP.obj (.data:NPI_AddService)
                  20000f31    00000009     AP.obj (.data:NPI_CCCDUpdatedConfirmation)
                  20000f3a    00000009     AP.obj (.data:NPI_WriteConfirmation)
                  20000f43    00000001     --HOLE--
                  20000f44    00000008     rtsv7M4_T_le_v4SPD16_eabi.lib : _lock.c.obj (.data:$O1$$)
                  20000f4c    00000008                                   : memory.c.obj (.data:$O1$$)
                  20000f54    00000008     AP.obj (.data)
                  20000f5c    00000004     SSD1306.obj (.data)
                  20000f60    00000004     rtsv7M4_T_le_v4SPD16_eabi.lib : add_device.c.obj (.data)
                  20000f64    00000004                                   : errno.c.obj (.data)
                  20000f68    00000004                                   : fopen.c.obj (.data)
                  20000f6c    00000004                                   : open.c.obj (.data)
                  20000f70    00000004     system_msp432p401r.obj (.data)

.stack     0    2000fe00    00000200     UNINITIALIZED
                  2000fe00    00000004     rtsv7M4_T_le_v4SPD16_eabi.lib : boot_cortex_m.c.obj (.stack)
                  2000fe04    000001fc     --HOLE--

__llvm_prf_cnts 
*          0    20000000    00000000     UNINITIALIZED

MODULE SUMMARY

       Module                        code    ro data   rw data
       ------                        ----    -------   -------
    .\
       SSD1306.obj                   6224    544       2080   
       AP.obj                        4108    64        1194   
       UART0.obj                     1740    0         24     
       main.obj                      1708    0         2      
       UART1.obj                     420     0         536    
       system_msp432p401r.obj        820     0         8      
       Clock.obj                     480     0         48     
       Motor.obj                     440     0         0      
       BumpInt.obj                   344     0         32     
       Reflectance.obj               276     56        0      
       startup_msp432p401r_ccs.obj   14      228       0      
       Init_Ports.obj                200     0         0      
       GPIO.obj                      192     0         0      
       CortexM.obj                   36      0         0      
    +--+-----------------------------+-------+---------+---------+
       Total:                        17002   892       3924   
                                                              
    C:\ti\ccs1110\ccs\tools\compiler\ti-cgt-arm_20.2.5.LTS\lib\rtsv7M4_T_le_v4SPD16_eabi.lib
       e_pow.c.obj                   2512    48        0      
       defs.c.obj                    0       0         832    
       memory.c.obj                  672     0         16     
       trgmsg.c.obj                  108     0         576    
       fopen.c.obj                   532     0         8      
       fd_add_t2.asm.obj             438     0         0      
       host_device.c.obj             0       0         400    
       e_sqrt.c.obj                  344     0         0      
       fd_div_t2.asm.obj             310     0         0      
       s_scalbn.c.obj                272     0         0      
       fd_cmp_t2.asm.obj             268     0         0      
       fd_mul_t2.asm.obj             252     0         0      
       setvbuf.c.obj                 220     0         0      
       open.c.obj                    188     0         8      
       add_device.c.obj              184     0         8      
       memcpy_t2.asm.obj             156     0         0      
       memset_t2.asm.obj             122     0         0      
       fclose.c.obj                  116     0         0      
       getdevice.c.obj               116     0         0      
       hostopen.c.obj                96      0         16     
       hostrename.c.obj              108     0         0      
       copy_decompress_lzss.c.obj    104     0         0      
       hostlseek.c.obj               104     0         0      
       exit.c.obj                    76      0         24     
       close.c.obj                   92      0         0      
       hostread.c.obj                88      0         0      
       hostwrite.c.obj               88      0         0      
       fflush.c.obj                  76      0         0      
       fd_toi_t2.asm.obj             72      0         0      
       autoinit.c.obj                68      0         0      
       hostclose.c.obj               68      0         0      
       hostunlink.c.obj              68      0         0      
       strncpy.c.obj                 54      0         0      
       boot_cortex_m.c.obj           52      0         0      
       i_tofd_t2.asm.obj             46      0         0      
       unlink.c.obj                  44      0         0      
       write.c.obj                   40      0         0      
       s_copysign.c.obj              26      0         0      
       strcmp.c.obj                  24      0         0      
       strchr.c.obj                  22      0         0      
       strcpy.c.obj                  20      0         0      
       strlen.c.obj                  20      0         0      
       _lock.c.obj                   2       0         16     
       errno.c.obj                   8       0         8      
       copy_decompress_none.c.obj    14      0         0      
       copy_zero_init.c.obj          12      0         0      
       pre_init.c.obj                4       0         0      
    +--+-----------------------------+-------+---------+---------+
       Total:                        8306    48        1912   
                                                              
       Heap:                         0       0         2048   
       Stack:                        0       0         1024   
       Linker Generated:             0       322       0      
    +--+-----------------------------+-------+---------+---------+
       Grand Total:                  25308   1262      8908   


LINKER GENERATED COPY TABLES

__TI_cinit_table @ 000067c8 records: 2, size/record: 8, table size: 16
	.data: load addr=00006690, load size=0000011e bytes, run addr=20000c70, run size=00000304 bytes, compression=lzss
	.bss: load addr=000067c0, load size=00000008 bytes, run addr=20000000, run size=0000086a bytes, compression=zero_init


LINKER GENERATED HANDLER TABLE

__TI_handler_table @ 000067b0 records: 3, size/record: 4, table size: 12
	index: 0, handler: __TI_decompress_lzss
	index: 1, handler: __TI_decompress_none
	index: 2, handler: __TI_zero_init


GLOBAL SYMBOLS: SORTED ALPHABETICALLY BY Name 

address   name                           
-------   ----                           
000063a3  ADC14_IRQHandler               
000063a3  AES256_IRQHandler              
00001f95  AP_AddCharacteristic           
00002151  AP_AddNotifyCharacteristic     
00001f3d  AP_AddService                  
0000265d  AP_BackgroundProcess           
00001adb  AP_EchoReceived                
00001a6f  AP_EchoSendMessage             
00001f27  AP_GetNotifyCCCD               
00001a45  AP_GetSize                     
00002535  AP_GetStatus                   
00002571  AP_GetVersion                  
0000195f  AP_Init                        
00001cfd  AP_RecvMessage                 
00001ed9  AP_RecvStatus                  
00001f75  AP_RegisterService             
00001935  AP_Reset                       
00001b61  AP_SendMessage                 
00001ee7  AP_SendMessageResponse         
00002379  AP_SendNotification            
00002479  AP_StartAdvertisement          
000024cd  AP_StartAdvertisementJacki     
20000868  BT_ByteData                    
20000efc  Bump0                          
20000efe  Bump1                          
20000f00  Bump2                          
20000f02  Bump3                          
20000f04  Bump4                          
20000f06  Bump5                          
00004ab1  BumpInt_Init                   
000063a3  BusFault_Handler               
000063c5  C$$EXIT                        
000060eb  C$$IO$$                        
000063a3  COMP_E0_IRQHandler             
000063a3  COMP_E1_IRQHandler             
20000eb0  CPMwait                        
000063a3  CS_IRQHandler                  
20000f54  CharacteristicCount            
20000620  CharacteristicList             
20000ea8  ClockFrequency                 
00004511  Clock_Delay1ms                 
000044e7  Clock_Delay1us                 
000044d3  Clock_GetFreq                  
000043bd  Clock_Init48MHz                
20000ebc  Crystalstable                  
20000f5c  CurrentX                       
20000f5e  CurrentY                       
000063a3  DMA_ERR_IRQHandler             
000063a3  DMA_INT0_IRQHandler            
000063a3  DMA_INT1_IRQHandler            
000063a3  DMA_INT2_IRQHandler            
000063a3  DMA_INT3_IRQHandler            
000063a3  DebugMon_Handler               
000063a3  Default_Handler                
000062d9  DisableInterrupts              
000063a3  EUSCIA0_IRQHandler             
000063a3  EUSCIA1_IRQHandler             
00004a35  EUSCIA2_IRQHandler             
00004a35  EUSCIA2_IRQHandler             
000063a3  EUSCIA3_IRQHandler             
000063a3  EUSCIB0_IRQHandler             
000063a3  EUSCIB1_IRQHandler             
000063a3  EUSCIB2_IRQHandler             
000063a3  EUSCIB3_IRQHandler             
000062df  EnableInterrupts               
000062ef  EndCritical                    
000063a3  FLCTL_IRQHandler               
000063a3  FPU_IRQHandler                 
00005651  GPIO_Init                      
00006635  HCI_EXT_ResetSystemCmd         
00005fad  HOSTclose                      
00005c95  HOSTlseek                      
00005d65  HOSTopen                       
00005e21  HOSTread                       
00005c29  HOSTrename                     
00005ff1  HOSTunlink                     
00005e79  HOSTwrite                      
000063a3  HardFault_Handler              
20000eb8  IFlags                         
000063a3  MemManage_Handler              
20000830  Messageb                       
20000840  Messageindexb                  
000046e5  Motor_Backward                 
000045f3  Motor_Forward                  
0000469d  Motor_Left                     
0000464d  Motor_Right                    
0000459d  Motor_Stop                     
000039f1  MoveRobot                      
000063a3  NMI_Handler                    
20000e4d  NPI_AddCharDescriptor          
20000f0b  NPI_AddCharValue               
20000f28  NPI_AddService                 
20000f31  NPI_CCCDUpdatedConfirmation    
20000e8b  NPI_GATTSetDeviceName          
0000664e  NPI_GetStatus                  
00006654  NPI_GetVersion                 
20000ec0  NPI_ReadConfirmation           
0000665a  NPI_Register                   
20000ed5  NPI_SendNotificationIndication 
00006624  NPI_SetAdvertisement1          
20000e28  NPI_SetAdvertisementData       
20000e6d  NPI_SetAdvertisementDataJacki  
00006610  NPI_StartAdvertisement         
20000f3a  NPI_WriteConfirmation          
20000844  NoSOFErr                       
20000f58  NotifyCharacteristicCount      
200007e0  NotifyCharacteristicList       
000063a3  PCM_IRQHandler                 
000063a3  PORT1_IRQHandler               
000063a3  PORT2_IRQHandler               
000063a3  PORT3_IRQHandler               
00004af7  PORT4_IRQHandler               
00004af7  PORT4_IRQHandler               
000063a3  PORT5_IRQHandler               
000063a3  PORT6_IRQHandler               
000063a3  PSS_IRQHandler                 
000063a3  PendSV_Handler                 
00005625  Port10_Init                    
00005589  Port1_Init                     
0000558b  Port2_Init                     
000055d3  Port3_Init                     
000055f1  Port4_Init                     
000055f3  Port5_Init                     
000055ff  Port6_Init                     
00005601  Port7_Init                     
00005603  Port8_Init                     
00005623  Port9_Init                     
00005627  PortJ_Init                     
20000eb4  Postwait                       
20000eac  Prewait                        
000063a3  RTC_C_IRQHandler               
20000760  RecvBuf                        
00004e99  Reflectance_Init               
00004f37  Reflectance_Position           
00004ed3  Reflectance_Read               
00006397  Reset_Handler                  
20000520  RxFIFO                         
20000848  RxFifoLost                     
00004965  RxFifo_Get                     
0000490d  RxFifo_Init                    
0000491f  RxFifo_Put                     
2000084c  RxGetI                         
20000850  RxPutI                         
00000555  SSD1306_Clear                  
00000515  SSD1306_ClearBuffer            
00000f71  SSD1306_Dim                    
00000e2b  SSD1306_DisplayBuffer          
00000415  SSD1306_DrawChar               
000007ed  SSD1306_DrawFastHLine          
00000a11  SSD1306_DrawFastVLine          
000005a9  SSD1306_DrawFullImage          
00000299  SSD1306_DrawPixel              
000004c9  SSD1306_DrawString             
00000e27  SSD1306_GetBuffer              
00000d29  SSD1306_GetPixel               
00000193  SSD1306_Init                   
00000f5b  SSD1306_InvertDisplay          
0000101d  SSD1306_OutChar                
000017d7  SSD1306_OutHex7                
00001389  SSD1306_OutSDec                
000016e9  SSD1306_OutSFix1               
00001143  SSD1306_OutString              
0000119d  SSD1306_OutUDec                
0000183d  SSD1306_OutUDec16              
000018d5  SSD1306_OutUDec2               
00001655  SSD1306_OutUFix1               
0000180d  SSD1306_OutUHex7               
0000060d  SSD1306_PrintBMP               
00000fa3  SSD1306_SetCursor              
000008ff  SSD1306_drawFastHLineInternal  
00000b29  SSD1306_drawFastVLineInternal  
00000f11  SSD1306_startscrolldiagleft    
00000ecd  SSD1306_startscrolldiagright   
00000e97  SSD1306_startscrollleft        
00000e65  SSD1306_startscrollright       
00000f51  SSD1306_stopscroll             
000063a3  SVC_Handler                    
00003afb  Servo                          
00003adf  ServoInit                      
000062e5  StartCritical                  
20000864  StartX                         
20000866  StartY                         
000063a3  SysTick_Handler                
20000f70  SystemCoreClock                
00004089  SystemCoreClockUpdate          
00004301  SystemInit                     
000063a3  T32_INT1_IRQHandler            
000063a3  T32_INT2_IRQHandler            
000063a3  T32_INTC_IRQHandler            
000063a3  TA0_0_IRQHandler               
000063a3  TA0_N_IRQHandler               
000063a3  TA1_0_IRQHandler               
000063a3  TA1_N_IRQHandler               
000063a3  TA2_0_IRQHandler               
000063a3  TA2_N_IRQHandler               
000063a3  TA3_0_IRQHandler               
000063a3  TA3_N_IRQHandler               
20000854  TimeOutErr                     
00003b21  Timer_Init                     
00003357  UART0_InChar                   
000037f1  UART0_InString                 
000033a1  UART0_InUDec                   
000036a5  UART0_InUHex                   
00003311  UART0_Init                     
00003951  UART0_Initprintf               
00003367  UART0_OutChar                  
00003459  UART0_OutSDec                  
00003383  UART0_OutString                
00003425  UART0_OutUDec                  
0000359f  UART0_OutUDec4                 
000035f9  UART0_OutUDec5                 
00003631  UART0_OutUFix1                 
00003659  UART0_OutUFix2                 
00003769  UART0_OutUHex                  
000037d5  UART0_OutUHex2                 
00004a69  UART1_FinishOutput             
00004a07  UART1_InChar                   
0000499b  UART1_InStatus                 
000049ab  UART1_Init                     
00004a19  UART1_OutChar                  
00004a4b  UART1_OutString                
000063a3  UsageFault_Handler             
000039dd  ValueOut                       
4000480c  WDTCTL_SYM                     
000063a3  WDT_A_IRQHandler               
000062f7  WaitForInterrupt               
00003ac9  WriteByteData                  
20000400  __CIOBUF_                      
20010000  __STACK_END                    
00000200  __STACK_SIZE                   
00000400  __SYSMEM_SIZE                  
000067c8  __TI_CINIT_Base                
000067d8  __TI_CINIT_Limit               
000067b0  __TI_Handler_Table_Base        
000067bc  __TI_Handler_Table_Limit       
00006035  __TI_auto_init_nobinit_nopinit 
0000612d  __TI_cleanup                   
20000f1c  __TI_cleanup_ptr               
00005b45  __TI_closefile                 
00005cfd  __TI_decompress_lzss           
00006389  __TI_decompress_none           
00005ed1  __TI_doflush                   
20000f20  __TI_dtors_ptr                 
20000f24  __TI_enable_exit_profile_output
20000eec  __TI_ft_end                    
ffffffff  __TI_pprof_out_hndl            
ffffffff  __TI_prof_data_size            
ffffffff  __TI_prof_data_start           
00006161  __TI_readmsg                   
00000000  __TI_static_base__             
200006c0  __TI_tmpnams                   
000060bd  __TI_writemsg                  
000063a5  __TI_zero_init                 
000059bd  __aeabi_cdcmpeq                
000059bd  __aeabi_cdcmple                
00005a43  __aeabi_cdrcmple               
00005f65  __aeabi_d2iz                   
0000475f  __aeabi_dadd                   
00004d61  __aeabi_ddiv                   
000052cd  __aeabi_dmul                   
00004755  __aeabi_dsub                   
000063b1  __aeabi_errno_addr             
0000622d  __aeabi_i2d                    
00005ac9  __aeabi_memclr                 
00005ac9  __aeabi_memclr4                
00005ac9  __aeabi_memclr8                
00005921  __aeabi_memcpy                 
00005921  __aeabi_memcpy4                
00005921  __aeabi_memcpy8                
00005acb  __aeabi_memset                 
00005acb  __aeabi_memset4                
00005acb  __aeabi_memset8                
20000ef8  __aeabi_stderr                 
20000ef0  __aeabi_stdin                  
20000ef4  __aeabi_stdout                 
ffffffff  __binit__                      
ffffffff  __c_args__                     
UNDEFED   __mpu_init                     
2000fe00  __stack                        
20000000  __start___llvm_prf_cnts        
20000000  __stop___llvm_prf_cnts         
00006195  _c_int00_noargs                
20000d60  _device                        
20000c70  _ftable                        
20000f44  _lock                          
0000490b  _nop                           
20000dd8  _stream                        
20000870  _sys_memory                    
UNDEFED   _system_post_cinit             
000063c1  _system_pre_init               
20000f48  _unlock                        
000063c5  abort                          
000057cd  add_device                     
000051cd  aligned_alloc                  
ffffffff  binit                          
20000000  buffer                         
00005dc5  close                          
00006319  copysign                       
00006319  copysignl                      
20000f08  count                          
000044d9  delay                          
20000f64  errno                          
00005f1d  exit                           
20000858  fcserr                         
0000388b  ferror                         
0000386b  fgetc                          
000061fd  finddevice                     
00005885  fopen                          
000053c9  free                           
000061c9  freopen                        
00006079  getdevice                      
00000000  interruptVectors               
000050bd  ldexp                          
000050bd  ldexpl                         
00003c9d  main                           
000063b9  malloc                         
000051cd  memalign                       
00005921  memcpy                         
00005ad1  memset                         
00005711  open                           
000037ad  outnibble                      
20000838  parmbuf                        
00002941  pow                            
00002941  powl                           
0000625d  remove                         
2000085c  rotation                       
000050bd  scalbn                         
000050bd  scalbnl                        
000054ad  setvbuf                        
00004c09  sqrt                           
00004c09  sqrtl                          
00000113  ssd1306_Testcommandwrite       
0000014b  ssd1306_command                
0000015b  ssd1306_command1               
0000016b  ssd1306_commandList            
0000634b  strchr                         
00006333  strcmp                         
00006361  strcpy                         
00006375  strlen                         
000060f5  strncpy                        
000038a9  uart_close                     
00003927  uart_lseek                     
00003899  uart_open                      
000038bb  uart_read                      
00003943  uart_rename                    
00003937  uart_unlink                    
000038e5  uart_write                     
0000625d  unlink                         
20000860  vccstate                       
20000f0a  wasInterrupt                   
20000869  wasRight                       
000062b1  write                          


GLOBAL SYMBOLS: SORTED BY Symbol Address 

address   name                           
-------   ----                           
00000000  __TI_static_base__             
00000000  interruptVectors               
00000113  ssd1306_Testcommandwrite       
0000014b  ssd1306_command                
0000015b  ssd1306_command1               
0000016b  ssd1306_commandList            
00000193  SSD1306_Init                   
00000200  __STACK_SIZE                   
00000299  SSD1306_DrawPixel              
00000400  __SYSMEM_SIZE                  
00000415  SSD1306_DrawChar               
000004c9  SSD1306_DrawString             
00000515  SSD1306_ClearBuffer            
00000555  SSD1306_Clear                  
000005a9  SSD1306_DrawFullImage          
0000060d  SSD1306_PrintBMP               
000007ed  SSD1306_DrawFastHLine          
000008ff  SSD1306_drawFastHLineInternal  
00000a11  SSD1306_DrawFastVLine          
00000b29  SSD1306_drawFastVLineInternal  
00000d29  SSD1306_GetPixel               
00000e27  SSD1306_GetBuffer              
00000e2b  SSD1306_DisplayBuffer          
00000e65  SSD1306_startscrollright       
00000e97  SSD1306_startscrollleft        
00000ecd  SSD1306_startscrolldiagright   
00000f11  SSD1306_startscrolldiagleft    
00000f51  SSD1306_stopscroll             
00000f5b  SSD1306_InvertDisplay          
00000f71  SSD1306_Dim                    
00000fa3  SSD1306_SetCursor              
0000101d  SSD1306_OutChar                
00001143  SSD1306_OutString              
0000119d  SSD1306_OutUDec                
00001389  SSD1306_OutSDec                
00001655  SSD1306_OutUFix1               
000016e9  SSD1306_OutSFix1               
000017d7  SSD1306_OutHex7                
0000180d  SSD1306_OutUHex7               
0000183d  SSD1306_OutUDec16              
000018d5  SSD1306_OutUDec2               
00001935  AP_Reset                       
0000195f  AP_Init                        
00001a45  AP_GetSize                     
00001a6f  AP_EchoSendMessage             
00001adb  AP_EchoReceived                
00001b61  AP_SendMessage                 
00001cfd  AP_RecvMessage                 
00001ed9  AP_RecvStatus                  
00001ee7  AP_SendMessageResponse         
00001f27  AP_GetNotifyCCCD               
00001f3d  AP_AddService                  
00001f75  AP_RegisterService             
00001f95  AP_AddCharacteristic           
00002151  AP_AddNotifyCharacteristic     
00002379  AP_SendNotification            
00002479  AP_StartAdvertisement          
000024cd  AP_StartAdvertisementJacki     
00002535  AP_GetStatus                   
00002571  AP_GetVersion                  
0000265d  AP_BackgroundProcess           
00002941  pow                            
00002941  powl                           
00003311  UART0_Init                     
00003357  UART0_InChar                   
00003367  UART0_OutChar                  
00003383  UART0_OutString                
000033a1  UART0_InUDec                   
00003425  UART0_OutUDec                  
00003459  UART0_OutSDec                  
0000359f  UART0_OutUDec4                 
000035f9  UART0_OutUDec5                 
00003631  UART0_OutUFix1                 
00003659  UART0_OutUFix2                 
000036a5  UART0_InUHex                   
00003769  UART0_OutUHex                  
000037ad  outnibble                      
000037d5  UART0_OutUHex2                 
000037f1  UART0_InString                 
0000386b  fgetc                          
0000388b  ferror                         
00003899  uart_open                      
000038a9  uart_close                     
000038bb  uart_read                      
000038e5  uart_write                     
00003927  uart_lseek                     
00003937  uart_unlink                    
00003943  uart_rename                    
00003951  UART0_Initprintf               
000039dd  ValueOut                       
000039f1  MoveRobot                      
00003ac9  WriteByteData                  
00003adf  ServoInit                      
00003afb  Servo                          
00003b21  Timer_Init                     
00003c9d  main                           
00004089  SystemCoreClockUpdate          
00004301  SystemInit                     
000043bd  Clock_Init48MHz                
000044d3  Clock_GetFreq                  
000044d9  delay                          
000044e7  Clock_Delay1us                 
00004511  Clock_Delay1ms                 
0000459d  Motor_Stop                     
000045f3  Motor_Forward                  
0000464d  Motor_Right                    
0000469d  Motor_Left                     
000046e5  Motor_Backward                 
00004755  __aeabi_dsub                   
0000475f  __aeabi_dadd                   
0000490b  _nop                           
0000490d  RxFifo_Init                    
0000491f  RxFifo_Put                     
00004965  RxFifo_Get                     
0000499b  UART1_InStatus                 
000049ab  UART1_Init                     
00004a07  UART1_InChar                   
00004a19  UART1_OutChar                  
00004a35  EUSCIA2_IRQHandler             
00004a35  EUSCIA2_IRQHandler             
00004a4b  UART1_OutString                
00004a69  UART1_FinishOutput             
00004ab1  BumpInt_Init                   
00004af7  PORT4_IRQHandler               
00004af7  PORT4_IRQHandler               
00004c09  sqrt                           
00004c09  sqrtl                          
00004d61  __aeabi_ddiv                   
00004e99  Reflectance_Init               
00004ed3  Reflectance_Read               
00004f37  Reflectance_Position           
000050bd  ldexp                          
000050bd  ldexpl                         
000050bd  scalbn                         
000050bd  scalbnl                        
000051cd  aligned_alloc                  
000051cd  memalign                       
000052cd  __aeabi_dmul                   
000053c9  free                           
000054ad  setvbuf                        
00005589  Port1_Init                     
0000558b  Port2_Init                     
000055d3  Port3_Init                     
000055f1  Port4_Init                     
000055f3  Port5_Init                     
000055ff  Port6_Init                     
00005601  Port7_Init                     
00005603  Port8_Init                     
00005623  Port9_Init                     
00005625  Port10_Init                    
00005627  PortJ_Init                     
00005651  GPIO_Init                      
00005711  open                           
000057cd  add_device                     
00005885  fopen                          
00005921  __aeabi_memcpy                 
00005921  __aeabi_memcpy4                
00005921  __aeabi_memcpy8                
00005921  memcpy                         
000059bd  __aeabi_cdcmpeq                
000059bd  __aeabi_cdcmple                
00005a43  __aeabi_cdrcmple               
00005ac9  __aeabi_memclr                 
00005ac9  __aeabi_memclr4                
00005ac9  __aeabi_memclr8                
00005acb  __aeabi_memset                 
00005acb  __aeabi_memset4                
00005acb  __aeabi_memset8                
00005ad1  memset                         
00005b45  __TI_closefile                 
00005c29  HOSTrename                     
00005c95  HOSTlseek                      
00005cfd  __TI_decompress_lzss           
00005d65  HOSTopen                       
00005dc5  close                          
00005e21  HOSTread                       
00005e79  HOSTwrite                      
00005ed1  __TI_doflush                   
00005f1d  exit                           
00005f65  __aeabi_d2iz                   
00005fad  HOSTclose                      
00005ff1  HOSTunlink                     
00006035  __TI_auto_init_nobinit_nopinit 
00006079  getdevice                      
000060bd  __TI_writemsg                  
000060eb  C$$IO$$                        
000060f5  strncpy                        
0000612d  __TI_cleanup                   
00006161  __TI_readmsg                   
00006195  _c_int00_noargs                
000061c9  freopen                        
000061fd  finddevice                     
0000622d  __aeabi_i2d                    
0000625d  remove                         
0000625d  unlink                         
000062b1  write                          
000062d9  DisableInterrupts              
000062df  EnableInterrupts               
000062e5  StartCritical                  
000062ef  EndCritical                    
000062f7  WaitForInterrupt               
00006319  copysign                       
00006319  copysignl                      
00006333  strcmp                         
0000634b  strchr                         
00006361  strcpy                         
00006375  strlen                         
00006389  __TI_decompress_none           
00006397  Reset_Handler                  
000063a3  ADC14_IRQHandler               
000063a3  AES256_IRQHandler              
000063a3  BusFault_Handler               
000063a3  COMP_E0_IRQHandler             
000063a3  COMP_E1_IRQHandler             
000063a3  CS_IRQHandler                  
000063a3  DMA_ERR_IRQHandler             
000063a3  DMA_INT0_IRQHandler            
000063a3  DMA_INT1_IRQHandler            
000063a3  DMA_INT2_IRQHandler            
000063a3  DMA_INT3_IRQHandler            
000063a3  DebugMon_Handler               
000063a3  Default_Handler                
000063a3  EUSCIA0_IRQHandler             
000063a3  EUSCIA1_IRQHandler             
000063a3  EUSCIA3_IRQHandler             
000063a3  EUSCIB0_IRQHandler             
000063a3  EUSCIB1_IRQHandler             
000063a3  EUSCIB2_IRQHandler             
000063a3  EUSCIB3_IRQHandler             
000063a3  FLCTL_IRQHandler               
000063a3  FPU_IRQHandler                 
000063a3  HardFault_Handler              
000063a3  MemManage_Handler              
000063a3  NMI_Handler                    
000063a3  PCM_IRQHandler                 
000063a3  PORT1_IRQHandler               
000063a3  PORT2_IRQHandler               
000063a3  PORT3_IRQHandler               
000063a3  PORT5_IRQHandler               
000063a3  PORT6_IRQHandler               
000063a3  PSS_IRQHandler                 
000063a3  PendSV_Handler                 
000063a3  RTC_C_IRQHandler               
000063a3  SVC_Handler                    
000063a3  SysTick_Handler                
000063a3  T32_INT1_IRQHandler            
000063a3  T32_INT2_IRQHandler            
000063a3  T32_INTC_IRQHandler            
000063a3  TA0_0_IRQHandler               
000063a3  TA0_N_IRQHandler               
000063a3  TA1_0_IRQHandler               
000063a3  TA1_N_IRQHandler               
000063a3  TA2_0_IRQHandler               
000063a3  TA2_N_IRQHandler               
000063a3  TA3_0_IRQHandler               
000063a3  TA3_N_IRQHandler               
000063a3  UsageFault_Handler             
000063a3  WDT_A_IRQHandler               
000063a5  __TI_zero_init                 
000063b1  __aeabi_errno_addr             
000063b9  malloc                         
000063c1  _system_pre_init               
000063c5  C$$EXIT                        
000063c5  abort                          
00006610  NPI_StartAdvertisement         
00006624  NPI_SetAdvertisement1          
00006635  HCI_EXT_ResetSystemCmd         
0000664e  NPI_GetStatus                  
00006654  NPI_GetVersion                 
0000665a  NPI_Register                   
000067b0  __TI_Handler_Table_Base        
000067bc  __TI_Handler_Table_Limit       
000067c8  __TI_CINIT_Base                
000067d8  __TI_CINIT_Limit               
20000000  __start___llvm_prf_cnts        
20000000  __stop___llvm_prf_cnts         
20000000  buffer                         
20000400  __CIOBUF_                      
20000520  RxFIFO                         
20000620  CharacteristicList             
200006c0  __TI_tmpnams                   
20000760  RecvBuf                        
200007e0  NotifyCharacteristicList       
20000830  Messageb                       
20000838  parmbuf                        
20000840  Messageindexb                  
20000844  NoSOFErr                       
20000848  RxFifoLost                     
2000084c  RxGetI                         
20000850  RxPutI                         
20000854  TimeOutErr                     
20000858  fcserr                         
2000085c  rotation                       
20000860  vccstate                       
20000864  StartX                         
20000866  StartY                         
20000868  BT_ByteData                    
20000869  wasRight                       
20000870  _sys_memory                    
20000c70  _ftable                        
20000d60  _device                        
20000dd8  _stream                        
20000e28  NPI_SetAdvertisementData       
20000e4d  NPI_AddCharDescriptor          
20000e6d  NPI_SetAdvertisementDataJacki  
20000e8b  NPI_GATTSetDeviceName          
20000ea8  ClockFrequency                 
20000eac  Prewait                        
20000eb0  CPMwait                        
20000eb4  Postwait                       
20000eb8  IFlags                         
20000ebc  Crystalstable                  
20000ec0  NPI_ReadConfirmation           
20000ed5  NPI_SendNotificationIndication 
20000eec  __TI_ft_end                    
20000ef0  __aeabi_stdin                  
20000ef4  __aeabi_stdout                 
20000ef8  __aeabi_stderr                 
20000efc  Bump0                          
20000efe  Bump1                          
20000f00  Bump2                          
20000f02  Bump3                          
20000f04  Bump4                          
20000f06  Bump5                          
20000f08  count                          
20000f0a  wasInterrupt                   
20000f0b  NPI_AddCharValue               
20000f1c  __TI_cleanup_ptr               
20000f20  __TI_dtors_ptr                 
20000f24  __TI_enable_exit_profile_output
20000f28  NPI_AddService                 
20000f31  NPI_CCCDUpdatedConfirmation    
20000f3a  NPI_WriteConfirmation          
20000f44  _lock                          
20000f48  _unlock                        
20000f54  CharacteristicCount            
20000f58  NotifyCharacteristicCount      
20000f5c  CurrentX                       
20000f5e  CurrentY                       
20000f64  errno                          
20000f70  SystemCoreClock                
2000fe00  __stack                        
20010000  __STACK_END                    
4000480c  WDTCTL_SYM                     
ffffffff  __TI_pprof_out_hndl            
ffffffff  __TI_prof_data_size            
ffffffff  __TI_prof_data_start           
ffffffff  __binit__                      
ffffffff  __c_args__                     
ffffffff  binit                          
UNDEFED   __mpu_init                     
UNDEFED   _system_post_cinit             

[352 symbols]
