<?xml version="1.0" encoding="ISO-8859-1" ?>
<link_info>
   <banner>TI ARM Linker PC v20.2.5.LTS</banner>
   <copyright>Copyright (c) 1996-2018 Texas Instruments Incorporated</copyright>
   <link_time>0x641c7102</link_time>
   <link_errors>0x0</link_errors>
   <output_file>Lab5_OLED.out</output_file>
   <entry_point>
      <name>_c_int00_noargs</name>
      <address>0x3439</address>
   </entry_point>
   <input_file_list>
      <input_file id="fl-2">
         <path>.\</path>
         <kind>object</kind>
         <file>Clock.obj</file>
         <name>Clock.obj</name>
      </input_file>
      <input_file id="fl-3">
         <path>.\</path>
         <kind>object</kind>
         <file>Lab5_OLEDmain.obj</file>
         <name>Lab5_OLEDmain.obj</name>
      </input_file>
      <input_file id="fl-4">
         <path>.\</path>
         <kind>object</kind>
         <file>SSD1306.obj</file>
         <name>SSD1306.obj</name>
      </input_file>
      <input_file id="fl-5">
         <path>.\</path>
         <kind>object</kind>
         <file>startup_msp432p401r_ccs.obj</file>
         <name>startup_msp432p401r_ccs.obj</name>
      </input_file>
      <input_file id="fl-6">
         <path>.\</path>
         <kind>object</kind>
         <file>system_msp432p401r.obj</file>
         <name>system_msp432p401r.obj</name>
      </input_file>
      <input_file id="fl-a">
         <kind>object</kind>
         <file>&lt;internal&gt;</file>
         <name>&lt;internal&gt;</name>
      </input_file>
      <input_file id="fl-c0">
         <path>C:\ti\ccs1110\ccs\tools\compiler\ti-cgt-arm_20.2.5.LTS\lib\</path>
         <kind>archive</kind>
         <file>rtsv7M4_T_le_v4SPD16_eabi.lib</file>
         <name>e_pow.c.obj</name>
      </input_file>
      <input_file id="fl-c1">
         <path>C:\ti\ccs1110\ccs\tools\compiler\ti-cgt-arm_20.2.5.LTS\lib\</path>
         <kind>archive</kind>
         <file>rtsv7M4_T_le_v4SPD16_eabi.lib</file>
         <name>e_sqrt.c.obj</name>
      </input_file>
      <input_file id="fl-c2">
         <path>C:\ti\ccs1110\ccs\tools\compiler\ti-cgt-arm_20.2.5.LTS\lib\</path>
         <kind>archive</kind>
         <file>rtsv7M4_T_le_v4SPD16_eabi.lib</file>
         <name>s_scalbn.c.obj</name>
      </input_file>
      <input_file id="fl-c3">
         <path>C:\ti\ccs1110\ccs\tools\compiler\ti-cgt-arm_20.2.5.LTS\lib\</path>
         <kind>archive</kind>
         <file>rtsv7M4_T_le_v4SPD16_eabi.lib</file>
         <name>fd_add_t2.asm.obj</name>
      </input_file>
      <input_file id="fl-c4">
         <path>C:\ti\ccs1110\ccs\tools\compiler\ti-cgt-arm_20.2.5.LTS\lib\</path>
         <kind>archive</kind>
         <file>rtsv7M4_T_le_v4SPD16_eabi.lib</file>
         <name>fd_cmp_t2.asm.obj</name>
      </input_file>
      <input_file id="fl-c5">
         <path>C:\ti\ccs1110\ccs\tools\compiler\ti-cgt-arm_20.2.5.LTS\lib\</path>
         <kind>archive</kind>
         <file>rtsv7M4_T_le_v4SPD16_eabi.lib</file>
         <name>fd_div_t2.asm.obj</name>
      </input_file>
      <input_file id="fl-c6">
         <path>C:\ti\ccs1110\ccs\tools\compiler\ti-cgt-arm_20.2.5.LTS\lib\</path>
         <kind>archive</kind>
         <file>rtsv7M4_T_le_v4SPD16_eabi.lib</file>
         <name>fd_mul_t2.asm.obj</name>
      </input_file>
      <input_file id="fl-c7">
         <path>C:\ti\ccs1110\ccs\tools\compiler\ti-cgt-arm_20.2.5.LTS\lib\</path>
         <kind>archive</kind>
         <file>rtsv7M4_T_le_v4SPD16_eabi.lib</file>
         <name>fd_toi_t2.asm.obj</name>
      </input_file>
      <input_file id="fl-c8">
         <path>C:\ti\ccs1110\ccs\tools\compiler\ti-cgt-arm_20.2.5.LTS\lib\</path>
         <kind>archive</kind>
         <file>rtsv7M4_T_le_v4SPD16_eabi.lib</file>
         <name>i_tofd_t2.asm.obj</name>
      </input_file>
      <input_file id="fl-c9">
         <path>C:\ti\ccs1110\ccs\tools\compiler\ti-cgt-arm_20.2.5.LTS\lib\</path>
         <kind>archive</kind>
         <file>rtsv7M4_T_le_v4SPD16_eabi.lib</file>
         <name>copy_zero_init.c.obj</name>
      </input_file>
      <input_file id="fl-ca">
         <path>C:\ti\ccs1110\ccs\tools\compiler\ti-cgt-arm_20.2.5.LTS\lib\</path>
         <kind>archive</kind>
         <file>rtsv7M4_T_le_v4SPD16_eabi.lib</file>
         <name>copy_decompress_none.c.obj</name>
      </input_file>
      <input_file id="fl-cb">
         <path>C:\ti\ccs1110\ccs\tools\compiler\ti-cgt-arm_20.2.5.LTS\lib\</path>
         <kind>archive</kind>
         <file>rtsv7M4_T_le_v4SPD16_eabi.lib</file>
         <name>copy_decompress_lzss.c.obj</name>
      </input_file>
      <input_file id="fl-cc">
         <path>C:\ti\ccs1110\ccs\tools\compiler\ti-cgt-arm_20.2.5.LTS\lib\</path>
         <kind>archive</kind>
         <file>rtsv7M4_T_le_v4SPD16_eabi.lib</file>
         <name>errno.c.obj</name>
      </input_file>
      <input_file id="fl-cd">
         <path>C:\ti\ccs1110\ccs\tools\compiler\ti-cgt-arm_20.2.5.LTS\lib\</path>
         <kind>archive</kind>
         <file>rtsv7M4_T_le_v4SPD16_eabi.lib</file>
         <name>boot_cortex_m.c.obj</name>
      </input_file>
      <input_file id="fl-ce">
         <path>C:\ti\ccs1110\ccs\tools\compiler\ti-cgt-arm_20.2.5.LTS\lib\</path>
         <kind>archive</kind>
         <file>rtsv7M4_T_le_v4SPD16_eabi.lib</file>
         <name>s_copysign.c.obj</name>
      </input_file>
      <input_file id="fl-cf">
         <path>C:\ti\ccs1110\ccs\tools\compiler\ti-cgt-arm_20.2.5.LTS\lib\</path>
         <kind>archive</kind>
         <file>rtsv7M4_T_le_v4SPD16_eabi.lib</file>
         <name>memcpy_t2.asm.obj</name>
      </input_file>
      <input_file id="fl-d0">
         <path>C:\ti\ccs1110\ccs\tools\compiler\ti-cgt-arm_20.2.5.LTS\lib\</path>
         <kind>archive</kind>
         <file>rtsv7M4_T_le_v4SPD16_eabi.lib</file>
         <name>memset_t2.asm.obj</name>
      </input_file>
      <input_file id="fl-d1">
         <path>C:\ti\ccs1110\ccs\tools\compiler\ti-cgt-arm_20.2.5.LTS\lib\</path>
         <kind>archive</kind>
         <file>rtsv7M4_T_le_v4SPD16_eabi.lib</file>
         <name>autoinit.c.obj</name>
      </input_file>
      <input_file id="fl-d2">
         <path>C:\ti\ccs1110\ccs\tools\compiler\ti-cgt-arm_20.2.5.LTS\lib\</path>
         <kind>archive</kind>
         <file>rtsv7M4_T_le_v4SPD16_eabi.lib</file>
         <name>pre_init.c.obj</name>
      </input_file>
      <input_file id="fl-d3">
         <path>C:\ti\ccs1110\ccs\tools\compiler\ti-cgt-arm_20.2.5.LTS\lib\</path>
         <kind>archive</kind>
         <file>rtsv7M4_T_le_v4SPD16_eabi.lib</file>
         <name>cpy_tbl.c.obj</name>
      </input_file>
      <input_file id="fl-d4">
         <path>C:\ti\ccs1110\ccs\tools\compiler\ti-cgt-arm_20.2.5.LTS\lib\</path>
         <kind>archive</kind>
         <file>rtsv7M4_T_le_v4SPD16_eabi.lib</file>
         <name>exit.c.obj</name>
      </input_file>
      <input_file id="fl-d5">
         <path>C:\ti\ccs1110\ccs\tools\compiler\ti-cgt-arm_20.2.5.LTS\lib\</path>
         <kind>archive</kind>
         <file>rtsv7M4_T_le_v4SPD16_eabi.lib</file>
         <name>_lock.c.obj</name>
      </input_file>
      <input_file id="fl-d6">
         <path>C:\ti\ccs1110\ccs\tools\compiler\ti-cgt-arm_20.2.5.LTS\lib\</path>
         <kind>archive</kind>
         <file>rtsv7M4_T_le_v4SPD16_eabi.lib</file>
         <name>args_main.c.obj</name>
      </input_file>
   </input_file_list>
   <object_component_list>
      <object_component id="oc-26">
         <name>.intvecs:retain</name>
         <load_address>0x0</load_address>
         <run_address>0x0</run_address>
         <size>0xe4</size>
         <input_file_ref idref="fl-5"/>
      </object_component>
      <object_component id="oc-c9">
         <name>.text</name>
         <load_address>0xe4</load_address>
         <run_address>0xe4</run_address>
         <size>0x1850</size>
         <input_file_ref idref="fl-4"/>
      </object_component>
      <object_component id="oc-16f">
         <name>.text:pow</name>
         <load_address>0x1934</load_address>
         <run_address>0x1934</run_address>
         <size>0x9d0</size>
         <input_file_ref idref="fl-c0"/>
      </object_component>
      <object_component id="oc-a5">
         <name>.text</name>
         <load_address>0x2304</load_address>
         <run_address>0x2304</run_address>
         <size>0x334</size>
         <input_file_ref idref="fl-6"/>
      </object_component>
      <object_component id="oc-93">
         <name>.text</name>
         <load_address>0x2638</load_address>
         <run_address>0x2638</run_address>
         <size>0x2b4</size>
         <input_file_ref idref="fl-3"/>
      </object_component>
      <object_component id="oc-c3">
         <name>.text</name>
         <load_address>0x28ec</load_address>
         <run_address>0x28ec</run_address>
         <size>0x1e0</size>
         <input_file_ref idref="fl-2"/>
      </object_component>
      <object_component id="oc-1e0">
         <name>.text</name>
         <load_address>0x2acc</load_address>
         <run_address>0x2acc</run_address>
         <size>0x1b6</size>
         <input_file_ref idref="fl-c3"/>
      </object_component>
      <object_component id="oc-1ea">
         <name>.text:sqrt</name>
         <load_address>0x2c84</load_address>
         <run_address>0x2c84</run_address>
         <size>0x158</size>
         <input_file_ref idref="fl-c1"/>
      </object_component>
      <object_component id="oc-1e5">
         <name>.text</name>
         <load_address>0x2ddc</load_address>
         <run_address>0x2ddc</run_address>
         <size>0x136</size>
         <input_file_ref idref="fl-c5"/>
      </object_component>
      <object_component id="oc-208">
         <name>.text:scalbn</name>
         <load_address>0x2f14</load_address>
         <run_address>0x2f14</run_address>
         <size>0x110</size>
         <input_file_ref idref="fl-c2"/>
      </object_component>
      <object_component id="oc-1f6">
         <name>.text</name>
         <load_address>0x3024</load_address>
         <run_address>0x3024</run_address>
         <size>0xfc</size>
         <input_file_ref idref="fl-c6"/>
      </object_component>
      <object_component id="oc-37">
         <name>.text</name>
         <load_address>0x3120</load_address>
         <run_address>0x3120</run_address>
         <size>0x9c</size>
         <input_file_ref idref="fl-cf"/>
      </object_component>
      <object_component id="oc-1fe">
         <name>.text:__aeabi_cdcmple</name>
         <load_address>0x31bc</load_address>
         <run_address>0x31bc</run_address>
         <size>0x86</size>
         <input_file_ref idref="fl-c4"/>
      </object_component>
      <object_component id="oc-203">
         <name>.text:__aeabi_cdrcmple</name>
         <load_address>0x3242</load_address>
         <run_address>0x3242</run_address>
         <size>0x86</size>
         <input_file_ref idref="fl-c4"/>
      </object_component>
      <object_component id="oc-87">
         <name>.text</name>
         <load_address>0x32c8</load_address>
         <run_address>0x32c8</run_address>
         <size>0x7a</size>
         <input_file_ref idref="fl-d0"/>
      </object_component>
      <object_component id="oc-17">
         <name>.text:decompress:lzss:__TI_decompress_lzss</name>
         <load_address>0x3342</load_address>
         <run_address>0x3342</run_address>
         <size>0x68</size>
         <input_file_ref idref="fl-cb"/>
      </object_component>
      <object_component id="oc-175">
         <name>.text</name>
         <load_address>0x33aa</load_address>
         <run_address>0x33aa</run_address>
         <size>0x48</size>
         <input_file_ref idref="fl-c7"/>
      </object_component>
      <object_component id="oc-e7">
         <name>.text:__TI_auto_init_nobinit_nopinit:__TI_auto_init_nobinit_nopinit</name>
         <load_address>0x33f4</load_address>
         <run_address>0x33f4</run_address>
         <size>0x44</size>
         <input_file_ref idref="fl-d1"/>
      </object_component>
      <object_component id="oc-55">
         <name>.text:_c_int00_noargs:_c_int00_noargs</name>
         <load_address>0x3438</load_address>
         <run_address>0x3438</run_address>
         <size>0x34</size>
         <input_file_ref idref="fl-cd"/>
      </object_component>
      <object_component id="oc-16a">
         <name>.text</name>
         <load_address>0x346c</load_address>
         <run_address>0x346c</run_address>
         <size>0x2e</size>
         <input_file_ref idref="fl-c8"/>
      </object_component>
      <object_component id="oc-248">
         <name>.text:copysign</name>
         <load_address>0x349a</load_address>
         <run_address>0x349a</run_address>
         <size>0x1a</size>
         <input_file_ref idref="fl-ce"/>
      </object_component>
      <object_component id="oc-1d">
         <name>.text:decompress:none:__TI_decompress_none</name>
         <load_address>0x34b4</load_address>
         <run_address>0x34b4</run_address>
         <size>0xe</size>
         <input_file_ref idref="fl-ca"/>
      </object_component>
      <object_component id="oc-67">
         <name>.text</name>
         <load_address>0x34c2</load_address>
         <run_address>0x34c2</run_address>
         <size>0xe</size>
         <input_file_ref idref="fl-5"/>
      </object_component>
      <object_component id="oc-49">
         <name>.text:decompress:ZI:__TI_zero_init</name>
         <load_address>0x34d0</load_address>
         <run_address>0x34d0</run_address>
         <size>0xc</size>
         <input_file_ref idref="fl-c9"/>
      </object_component>
      <object_component id="oc-1f0">
         <name>.text:__aeabi_errno_addr</name>
         <load_address>0x34dc</load_address>
         <run_address>0x34dc</run_address>
         <size>0x8</size>
         <input_file_ref idref="fl-cc"/>
      </object_component>
      <object_component id="oc-8d">
         <name>.text:_system_pre_init</name>
         <load_address>0x34e4</load_address>
         <run_address>0x34e4</run_address>
         <size>0x4</size>
         <input_file_ref idref="fl-d2"/>
      </object_component>
      <object_component id="oc-db">
         <name>.text:abort:abort</name>
         <load_address>0x34e8</load_address>
         <run_address>0x34e8</run_address>
         <size>0x4</size>
         <input_file_ref idref="fl-d4"/>
      </object_component>
      <object_component id="oc-d2">
         <name>.const:.string:ti</name>
         <load_address>0x34f0</load_address>
         <run_address>0x34f0</run_address>
         <size>0x4f7</size>
         <input_file_ref idref="fl-3"/>
      </object_component>
      <object_component id="oc-13b">
         <name>.const:ASCII</name>
         <load_address>0x39e7</load_address>
         <run_address>0x39e7</run_address>
         <size>0x1e0</size>
         <input_file_ref idref="fl-4"/>
      </object_component>
      <object_component id="oc-cf">
         <name>.const:.string:Enemy</name>
         <load_address>0x3bc7</load_address>
         <run_address>0x3bc7</run_address>
         <size>0xc7</size>
         <input_file_ref idref="fl-3"/>
      </object_component>
      <object_component id="oc-147">
         <name>.const:.string:scrollList1a</name>
         <load_address>0x3c8e</load_address>
         <run_address>0x3c8e</run_address>
         <size>0x2</size>
         <input_file_ref idref="fl-4"/>
      </object_component>
      <object_component id="oc-1fb">
         <name>.const:$O1$$</name>
         <load_address>0x3c90</load_address>
         <run_address>0x3c90</run_address>
         <size>0x30</size>
         <input_file_ref idref="fl-c0"/>
      </object_component>
      <object_component id="oc-141">
         <name>.const:.string:postmask</name>
         <load_address>0x3cc0</load_address>
         <run_address>0x3cc0</run_address>
         <size>0x8</size>
         <input_file_ref idref="fl-4"/>
      </object_component>
      <object_component id="oc-13e">
         <name>.const:.string:premask</name>
         <load_address>0x3cc8</load_address>
         <run_address>0x3cc8</run_address>
         <size>0x8</size>
         <input_file_ref idref="fl-4"/>
      </object_component>
      <object_component id="oc-136">
         <name>.const:.string:init5</name>
         <load_address>0x3cd0</load_address>
         <run_address>0x3cd0</run_address>
         <size>0x6</size>
         <input_file_ref idref="fl-4"/>
      </object_component>
      <object_component id="oc-144">
         <name>.const:.string:dlist1</name>
         <load_address>0x3cd6</load_address>
         <run_address>0x3cd6</run_address>
         <size>0x5</size>
         <input_file_ref idref="fl-4"/>
      </object_component>
      <object_component id="oc-12a">
         <name>.const:.string:init1</name>
         <load_address>0x3cdb</load_address>
         <run_address>0x3cdb</run_address>
         <size>0x4</size>
         <input_file_ref idref="fl-4"/>
      </object_component>
      <object_component id="oc-12d">
         <name>.const:.string:init2</name>
         <load_address>0x3cdf</load_address>
         <run_address>0x3cdf</run_address>
         <size>0x4</size>
         <input_file_ref idref="fl-4"/>
      </object_component>
      <object_component id="oc-130">
         <name>.const:.string:init3</name>
         <load_address>0x3ce3</load_address>
         <run_address>0x3ce3</run_address>
         <size>0x4</size>
         <input_file_ref idref="fl-4"/>
      </object_component>
      <object_component id="oc-133">
         <name>.const:.string:init4b</name>
         <load_address>0x3ce7</load_address>
         <run_address>0x3ce7</run_address>
         <size>0x3</size>
         <input_file_ref idref="fl-4"/>
      </object_component>
      <object_component id="oc-14a">
         <name>.const:.string:scrollList1b</name>
         <load_address>0x3cea</load_address>
         <run_address>0x3cea</run_address>
         <size>0x3</size>
         <input_file_ref idref="fl-4"/>
      </object_component>
      <object_component id="oc-150">
         <name>.const:.string:scrollList2b</name>
         <load_address>0x3ced</load_address>
         <run_address>0x3ced</run_address>
         <size>0x3</size>
         <input_file_ref idref="fl-4"/>
      </object_component>
      <object_component id="oc-14d">
         <name>.const:.string:scrollList2a</name>
         <load_address>0x3cf0</load_address>
         <run_address>0x3cf0</run_address>
         <size>0x2</size>
         <input_file_ref idref="fl-4"/>
      </object_component>
      <object_component id="oc-153">
         <name>.const:.string:scrollList3a</name>
         <load_address>0x3cf2</load_address>
         <run_address>0x3cf2</run_address>
         <size>0x2</size>
         <input_file_ref idref="fl-4"/>
      </object_component>
      <object_component id="oc-156">
         <name>.const:.string:scrollList3b</name>
         <load_address>0x3cf4</load_address>
         <run_address>0x3cf4</run_address>
         <size>0x2</size>
         <input_file_ref idref="fl-4"/>
      </object_component>
      <object_component id="oc-159">
         <name>.const:.string:scrollList3c</name>
         <load_address>0x3cf6</load_address>
         <run_address>0x3cf6</run_address>
         <size>0x2</size>
         <input_file_ref idref="fl-4"/>
      </object_component>
      <object_component id="oc-15c">
         <name>.const:.string:scrollList4a</name>
         <load_address>0x3cf8</load_address>
         <run_address>0x3cf8</run_address>
         <size>0x2</size>
         <input_file_ref idref="fl-4"/>
      </object_component>
      <object_component id="oc-15f">
         <name>.const:.string:scrollList4b</name>
         <load_address>0x3cfa</load_address>
         <run_address>0x3cfa</run_address>
         <size>0x2</size>
         <input_file_ref idref="fl-4"/>
      </object_component>
      <object_component id="oc-162">
         <name>.const:.string:scrollList4c</name>
         <load_address>0x3cfc</load_address>
         <run_address>0x3cfc</run_address>
         <size>0x2</size>
         <input_file_ref idref="fl-4"/>
      </object_component>
      <object_component id="oc-2aa">
         <name>.cinit..data.load</name>
         <load_address>0x3d00</load_address>
         <run_address>0x3d00</run_address>
         <size>0xd</size>
      </object_component>
      <object_component id="oc-2a8">
         <name>__TI_handler_table</name>
         <load_address>0x3d10</load_address>
         <run_address>0x3d10</run_address>
         <size>0xc</size>
      </object_component>
      <object_component id="oc-2ab">
         <name>.cinit..bss.load</name>
         <load_address>0x3d20</load_address>
         <run_address>0x3d20</run_address>
         <size>0x8</size>
      </object_component>
      <object_component id="oc-2a9">
         <name>__TI_cinit_table</name>
         <load_address>0x3d28</load_address>
         <run_address>0x3d28</run_address>
         <size>0x10</size>
      </object_component>
      <object_component id="oc-27c">
         <name>.binit</name>
         <load_address>0x0</load_address>
         <run_address>0x0</run_address>
         <size>0x0</size>
      </object_component>
      <object_component id="oc-123">
         <name>.data</name>
         <load_address>0x2000040c</load_address>
         <run_address>0x2000040c</run_address>
         <size>0x18</size>
         <input_file_ref idref="fl-2"/>
      </object_component>
      <object_component id="oc-165">
         <name>.data</name>
         <load_address>0x20000424</load_address>
         <run_address>0x20000424</run_address>
         <size>0x4</size>
         <input_file_ref idref="fl-4"/>
      </object_component>
      <object_component id="oc-119">
         <name>.data</name>
         <load_address>0x2000042c</load_address>
         <run_address>0x2000042c</run_address>
         <size>0x4</size>
         <input_file_ref idref="fl-6"/>
      </object_component>
      <object_component id="oc-23e">
         <name>.data</name>
         <load_address>0x20000428</load_address>
         <run_address>0x20000428</run_address>
         <size>0x4</size>
         <input_file_ref idref="fl-cc"/>
      </object_component>
      <object_component id="oc-13a">
         <name>.common:buffer</name>
         <uninitialized>true</uninitialized>
         <run_address>0x20000000</run_address>
         <size>0x400</size>
      </object_component>
      <object_component id="oc-127">
         <name>.common:vccstate</name>
         <uninitialized>true</uninitialized>
         <run_address>0x20000404</run_address>
         <size>0x4</size>
      </object_component>
      <object_component id="oc-139">
         <name>.common:rotation</name>
         <uninitialized>true</uninitialized>
         <run_address>0x20000400</run_address>
         <size>0x4</size>
      </object_component>
      <object_component id="oc-168">
         <name>.common:StartX</name>
         <uninitialized>true</uninitialized>
         <run_address>0x20000408</run_address>
         <size>0x2</size>
      </object_component>
      <object_component id="oc-169">
         <name>.common:StartY</name>
         <uninitialized>true</uninitialized>
         <run_address>0x2000040a</run_address>
         <size>0x2</size>
      </object_component>
      <object_component id="oc-29">
         <name>.stack</name>
         <uninitialized>true</uninitialized>
         <run_address>0x2000fe00</run_address>
         <size>0x4</size>
         <input_file_ref idref="fl-cd"/>
      </object_component>
      <object_component id="oc-2ad">
         <name>.stack</name>
         <uninitialized>true</uninitialized>
         <run_address>0x2000fe00</run_address>
         <size>0x0</size>
      </object_component>
      <object_component id="oc-122">
         <name>.debug_info</name>
         <load_address>0x0</load_address>
         <run_address>0x0</run_address>
         <size>0x525</size>
         <input_file_ref idref="fl-2"/>
      </object_component>
      <object_component id="oc-124">
         <name>.debug_info</name>
         <load_address>0x525</load_address>
         <run_address>0x525</run_address>
         <size>0x181</size>
         <input_file_ref idref="fl-2"/>
      </object_component>
      <object_component id="oc-c4">
         <name>.debug_info</name>
         <load_address>0x6a6</load_address>
         <run_address>0x6a6</run_address>
         <size>0x2a5</size>
         <input_file_ref idref="fl-2"/>
      </object_component>
      <object_component id="oc-1a4">
         <name>.debug_info</name>
         <load_address>0x94b</load_address>
         <run_address>0x94b</run_address>
         <size>0x37e2</size>
         <input_file_ref idref="fl-2"/>
      </object_component>
      <object_component id="oc-ae">
         <name>.debug_info</name>
         <load_address>0x412d</load_address>
         <run_address>0x412d</run_address>
         <size>0x26b</size>
         <input_file_ref idref="fl-2"/>
      </object_component>
      <object_component id="oc-1a9">
         <name>.debug_info</name>
         <load_address>0x4398</load_address>
         <run_address>0x4398</run_address>
         <size>0x1055</size>
         <input_file_ref idref="fl-2"/>
      </object_component>
      <object_component id="oc-32">
         <name>.debug_info</name>
         <load_address>0x53ed</load_address>
         <run_address>0x53ed</run_address>
         <size>0x84</size>
         <input_file_ref idref="fl-2"/>
      </object_component>
      <object_component id="oc-11d">
         <name>.debug_info</name>
         <load_address>0x5471</load_address>
         <run_address>0x5471</run_address>
         <size>0x2a4</size>
         <input_file_ref idref="fl-2"/>
      </object_component>
      <object_component id="oc-d6">
         <name>.debug_info</name>
         <load_address>0x5715</load_address>
         <run_address>0x5715</run_address>
         <size>0xbb</size>
         <input_file_ref idref="fl-2"/>
      </object_component>
      <object_component id="oc-17d">
         <name>.debug_info</name>
         <load_address>0x57d0</load_address>
         <run_address>0x57d0</run_address>
         <size>0x8b5</size>
         <input_file_ref idref="fl-3"/>
      </object_component>
      <object_component id="oc-d3">
         <name>.debug_info</name>
         <load_address>0x6085</load_address>
         <run_address>0x6085</run_address>
         <size>0xca</size>
         <input_file_ref idref="fl-3"/>
      </object_component>
      <object_component id="oc-d0">
         <name>.debug_info</name>
         <load_address>0x614f</load_address>
         <run_address>0x614f</run_address>
         <size>0xd0</size>
         <input_file_ref idref="fl-3"/>
      </object_component>
      <object_component id="oc-97">
         <name>.debug_info</name>
         <load_address>0x621f</load_address>
         <run_address>0x621f</run_address>
         <size>0x5a3</size>
         <input_file_ref idref="fl-3"/>
      </object_component>
      <object_component id="oc-1b2">
         <name>.debug_info</name>
         <load_address>0x67c2</load_address>
         <run_address>0x67c2</run_address>
         <size>0x37e2</size>
         <input_file_ref idref="fl-3"/>
      </object_component>
      <object_component id="oc-128">
         <name>.debug_info</name>
         <load_address>0x9fa4</load_address>
         <run_address>0x9fa4</run_address>
         <size>0x68c</size>
         <input_file_ref idref="fl-4"/>
      </object_component>
      <object_component id="oc-13c">
         <name>.debug_info</name>
         <load_address>0xa630</load_address>
         <run_address>0xa630</run_address>
         <size>0xc9</size>
         <input_file_ref idref="fl-4"/>
      </object_component>
      <object_component id="oc-12b">
         <name>.debug_info</name>
         <load_address>0xa6f9</load_address>
         <run_address>0xa6f9</run_address>
         <size>0xca</size>
         <input_file_ref idref="fl-4"/>
      </object_component>
      <object_component id="oc-12e">
         <name>.debug_info</name>
         <load_address>0xa7c3</load_address>
         <run_address>0xa7c3</run_address>
         <size>0xca</size>
         <input_file_ref idref="fl-4"/>
      </object_component>
      <object_component id="oc-131">
         <name>.debug_info</name>
         <load_address>0xa88d</load_address>
         <run_address>0xa88d</run_address>
         <size>0xca</size>
         <input_file_ref idref="fl-4"/>
      </object_component>
      <object_component id="oc-134">
         <name>.debug_info</name>
         <load_address>0xa957</load_address>
         <run_address>0xa957</run_address>
         <size>0xcc</size>
         <input_file_ref idref="fl-4"/>
      </object_component>
      <object_component id="oc-137">
         <name>.debug_info</name>
         <load_address>0xaa23</load_address>
         <run_address>0xaa23</run_address>
         <size>0xca</size>
         <input_file_ref idref="fl-4"/>
      </object_component>
      <object_component id="oc-13f">
         <name>.debug_info</name>
         <load_address>0xaaed</load_address>
         <run_address>0xaaed</run_address>
         <size>0xce</size>
         <input_file_ref idref="fl-4"/>
      </object_component>
      <object_component id="oc-142">
         <name>.debug_info</name>
         <load_address>0xabbb</load_address>
         <run_address>0xabbb</run_address>
         <size>0xd0</size>
         <input_file_ref idref="fl-4"/>
      </object_component>
      <object_component id="oc-145">
         <name>.debug_info</name>
         <load_address>0xac8b</load_address>
         <run_address>0xac8b</run_address>
         <size>0xcc</size>
         <input_file_ref idref="fl-4"/>
      </object_component>
      <object_component id="oc-148">
         <name>.debug_info</name>
         <load_address>0xad57</load_address>
         <run_address>0xad57</run_address>
         <size>0xd8</size>
         <input_file_ref idref="fl-4"/>
      </object_component>
      <object_component id="oc-14b">
         <name>.debug_info</name>
         <load_address>0xae2f</load_address>
         <run_address>0xae2f</run_address>
         <size>0xd8</size>
         <input_file_ref idref="fl-4"/>
      </object_component>
      <object_component id="oc-14e">
         <name>.debug_info</name>
         <load_address>0xaf07</load_address>
         <run_address>0xaf07</run_address>
         <size>0xd8</size>
         <input_file_ref idref="fl-4"/>
      </object_component>
      <object_component id="oc-151">
         <name>.debug_info</name>
         <load_address>0xafdf</load_address>
         <run_address>0xafdf</run_address>
         <size>0xd8</size>
         <input_file_ref idref="fl-4"/>
      </object_component>
      <object_component id="oc-154">
         <name>.debug_info</name>
         <load_address>0xb0b7</load_address>
         <run_address>0xb0b7</run_address>
         <size>0xd8</size>
         <input_file_ref idref="fl-4"/>
      </object_component>
      <object_component id="oc-157">
         <name>.debug_info</name>
         <load_address>0xb18f</load_address>
         <run_address>0xb18f</run_address>
         <size>0xd8</size>
         <input_file_ref idref="fl-4"/>
      </object_component>
      <object_component id="oc-15a">
         <name>.debug_info</name>
         <load_address>0xb267</load_address>
         <run_address>0xb267</run_address>
         <size>0xd8</size>
         <input_file_ref idref="fl-4"/>
      </object_component>
      <object_component id="oc-15d">
         <name>.debug_info</name>
         <load_address>0xb33f</load_address>
         <run_address>0xb33f</run_address>
         <size>0xd8</size>
         <input_file_ref idref="fl-4"/>
      </object_component>
      <object_component id="oc-160">
         <name>.debug_info</name>
         <load_address>0xb417</load_address>
         <run_address>0xb417</run_address>
         <size>0xd8</size>
         <input_file_ref idref="fl-4"/>
      </object_component>
      <object_component id="oc-163">
         <name>.debug_info</name>
         <load_address>0xb4ef</load_address>
         <run_address>0xb4ef</run_address>
         <size>0xd8</size>
         <input_file_ref idref="fl-4"/>
      </object_component>
      <object_component id="oc-166">
         <name>.debug_info</name>
         <load_address>0xb5c7</load_address>
         <run_address>0xb5c7</run_address>
         <size>0xf3</size>
         <input_file_ref idref="fl-4"/>
      </object_component>
      <object_component id="oc-ca">
         <name>.debug_info</name>
         <load_address>0xb6ba</load_address>
         <run_address>0xb6ba</run_address>
         <size>0x2963</size>
         <input_file_ref idref="fl-4"/>
      </object_component>
      <object_component id="oc-6f">
         <name>.debug_info</name>
         <load_address>0xe01d</load_address>
         <run_address>0xe01d</run_address>
         <size>0x2c4</size>
         <input_file_ref idref="fl-5"/>
      </object_component>
      <object_component id="oc-27">
         <name>.debug_info</name>
         <load_address>0xe2e1</load_address>
         <run_address>0xe2e1</run_address>
         <size>0xf0</size>
         <input_file_ref idref="fl-5"/>
      </object_component>
      <object_component id="oc-6b">
         <name>.debug_info</name>
         <load_address>0xe3d1</load_address>
         <run_address>0xe3d1</run_address>
         <size>0x1b7</size>
         <input_file_ref idref="fl-5"/>
      </object_component>
      <object_component id="oc-11a">
         <name>.debug_info</name>
         <load_address>0xe588</load_address>
         <run_address>0xe588</run_address>
         <size>0xe9</size>
         <input_file_ref idref="fl-6"/>
      </object_component>
      <object_component id="oc-a6">
         <name>.debug_info</name>
         <load_address>0xe671</load_address>
         <run_address>0xe671</run_address>
         <size>0x25b</size>
         <input_file_ref idref="fl-6"/>
      </object_component>
      <object_component id="oc-214">
         <name>.debug_info</name>
         <load_address>0xe8cc</load_address>
         <run_address>0xe8cc</run_address>
         <size>0x35e</size>
         <input_file_ref idref="fl-c0"/>
      </object_component>
      <object_component id="oc-1fc">
         <name>.debug_info</name>
         <load_address>0xec2a</load_address>
         <run_address>0xec2a</run_address>
         <size>0x128</size>
         <input_file_ref idref="fl-c0"/>
      </object_component>
      <object_component id="oc-172">
         <name>.debug_info</name>
         <load_address>0xed52</load_address>
         <run_address>0xed52</run_address>
         <size>0xbf2</size>
         <input_file_ref idref="fl-c0"/>
      </object_component>
      <object_component id="oc-255">
         <name>.debug_info</name>
         <load_address>0xf944</load_address>
         <run_address>0xf944</run_address>
         <size>0x46</size>
         <input_file_ref idref="fl-c0"/>
      </object_component>
      <object_component id="oc-20f">
         <name>.debug_info</name>
         <load_address>0xf98a</load_address>
         <run_address>0xf98a</run_address>
         <size>0x39</size>
         <input_file_ref idref="fl-c0"/>
      </object_component>
      <object_component id="oc-23d">
         <name>.debug_info</name>
         <load_address>0xf9c3</load_address>
         <run_address>0xf9c3</run_address>
         <size>0x2c5</size>
         <input_file_ref idref="fl-c1"/>
      </object_component>
      <object_component id="oc-1ee">
         <name>.debug_info</name>
         <load_address>0xfc88</load_address>
         <run_address>0xfc88</run_address>
         <size>0x24e</size>
         <input_file_ref idref="fl-c1"/>
      </object_component>
      <object_component id="oc-24f">
         <name>.debug_info</name>
         <load_address>0xfed6</load_address>
         <run_address>0xfed6</run_address>
         <size>0x2f8</size>
         <input_file_ref idref="fl-c2"/>
      </object_component>
      <object_component id="oc-20c">
         <name>.debug_info</name>
         <load_address>0x101ce</load_address>
         <run_address>0x101ce</run_address>
         <size>0x225</size>
         <input_file_ref idref="fl-c2"/>
      </object_component>
      <object_component id="oc-274">
         <name>.debug_info</name>
         <load_address>0x103f3</load_address>
         <run_address>0x103f3</run_address>
         <size>0x39</size>
         <input_file_ref idref="fl-c2"/>
      </object_component>
      <object_component id="oc-250">
         <name>.debug_info</name>
         <load_address>0x1042c</load_address>
         <run_address>0x1042c</run_address>
         <size>0x2c</size>
         <input_file_ref idref="fl-c2"/>
      </object_component>
      <object_component id="oc-1e1">
         <name>.debug_info</name>
         <load_address>0x10458</load_address>
         <run_address>0x10458</run_address>
         <size>0x14c</size>
         <input_file_ref idref="fl-c3"/>
      </object_component>
      <object_component id="oc-201">
         <name>.debug_info</name>
         <load_address>0x105a4</load_address>
         <run_address>0x105a4</run_address>
         <size>0x128</size>
         <input_file_ref idref="fl-c4"/>
      </object_component>
      <object_component id="oc-204">
         <name>.debug_info</name>
         <load_address>0x106cc</load_address>
         <run_address>0x106cc</run_address>
         <size>0x12a</size>
         <input_file_ref idref="fl-c4"/>
      </object_component>
      <object_component id="oc-1e7">
         <name>.debug_info</name>
         <load_address>0x107f6</load_address>
         <run_address>0x107f6</run_address>
         <size>0x13a</size>
         <input_file_ref idref="fl-c5"/>
      </object_component>
      <object_component id="oc-1f9">
         <name>.debug_info</name>
         <load_address>0x10930</load_address>
         <run_address>0x10930</run_address>
         <size>0x13a</size>
         <input_file_ref idref="fl-c6"/>
      </object_component>
      <object_component id="oc-178">
         <name>.debug_info</name>
         <load_address>0x10a6a</load_address>
         <run_address>0x10a6a</run_address>
         <size>0x12e</size>
         <input_file_ref idref="fl-c7"/>
      </object_component>
      <object_component id="oc-16d">
         <name>.debug_info</name>
         <load_address>0x10b98</load_address>
         <run_address>0x10b98</run_address>
         <size>0x12c</size>
         <input_file_ref idref="fl-c8"/>
      </object_component>
      <object_component id="oc-86">
         <name>.debug_info</name>
         <load_address>0x10cc4</load_address>
         <run_address>0x10cc4</run_address>
         <size>0x2d4</size>
         <input_file_ref idref="fl-c9"/>
      </object_component>
      <object_component id="oc-4a">
         <name>.debug_info</name>
         <load_address>0x10f98</load_address>
         <run_address>0x10f98</run_address>
         <size>0x1b5</size>
         <input_file_ref idref="fl-c9"/>
      </object_component>
      <object_component id="oc-81">
         <name>.debug_info</name>
         <load_address>0x1114d</load_address>
         <run_address>0x1114d</run_address>
         <size>0x46</size>
         <input_file_ref idref="fl-c9"/>
      </object_component>
      <object_component id="oc-ba">
         <name>.debug_info</name>
         <load_address>0x11193</load_address>
         <run_address>0x11193</run_address>
         <size>0x2c</size>
         <input_file_ref idref="fl-c9"/>
      </object_component>
      <object_component id="oc-42">
         <name>.debug_info</name>
         <load_address>0x111bf</load_address>
         <run_address>0x111bf</run_address>
         <size>0x2a8</size>
         <input_file_ref idref="fl-ca"/>
      </object_component>
      <object_component id="oc-20">
         <name>.debug_info</name>
         <load_address>0x11467</load_address>
         <run_address>0x11467</run_address>
         <size>0x1ea</size>
         <input_file_ref idref="fl-ca"/>
      </object_component>
      <object_component id="oc-3d">
         <name>.debug_info</name>
         <load_address>0x11651</load_address>
         <run_address>0x11651</run_address>
         <size>0x46</size>
         <input_file_ref idref="fl-ca"/>
      </object_component>
      <object_component id="oc-79">
         <name>.debug_info</name>
         <load_address>0x11697</load_address>
         <run_address>0x11697</run_address>
         <size>0x2c</size>
         <input_file_ref idref="fl-ca"/>
      </object_component>
      <object_component id="oc-77">
         <name>.debug_info</name>
         <load_address>0x116c3</load_address>
         <run_address>0x116c3</run_address>
         <size>0x29e</size>
         <input_file_ref idref="fl-cb"/>
      </object_component>
      <object_component id="oc-18">
         <name>.debug_info</name>
         <load_address>0x11961</load_address>
         <run_address>0x11961</run_address>
         <size>0x250</size>
         <input_file_ref idref="fl-cb"/>
      </object_component>
      <object_component id="oc-2d">
         <name>.debug_info</name>
         <load_address>0x11bb1</load_address>
         <run_address>0x11bb1</run_address>
         <size>0x60</size>
         <input_file_ref idref="fl-cb"/>
      </object_component>
      <object_component id="oc-b3">
         <name>.debug_info</name>
         <load_address>0x11c11</load_address>
         <run_address>0x11c11</run_address>
         <size>0x46</size>
         <input_file_ref idref="fl-cb"/>
      </object_component>
      <object_component id="oc-72">
         <name>.debug_info</name>
         <load_address>0x11c57</load_address>
         <run_address>0x11c57</run_address>
         <size>0x39</size>
         <input_file_ref idref="fl-cb"/>
      </object_component>
      <object_component id="oc-242">
         <name>.debug_info</name>
         <load_address>0x11c90</load_address>
         <run_address>0x11c90</run_address>
         <size>0x289</size>
         <input_file_ref idref="fl-cc"/>
      </object_component>
      <object_component id="oc-23f">
         <name>.debug_info</name>
         <load_address>0x11f19</load_address>
         <run_address>0x11f19</run_address>
         <size>0x10e</size>
         <input_file_ref idref="fl-cc"/>
      </object_component>
      <object_component id="oc-1f3">
         <name>.debug_info</name>
         <load_address>0x12027</load_address>
         <run_address>0x12027</run_address>
         <size>0x14e</size>
         <input_file_ref idref="fl-cc"/>
      </object_component>
      <object_component id="oc-2a">
         <name>.debug_info</name>
         <load_address>0x12175</load_address>
         <run_address>0x12175</run_address>
         <size>0x10b</size>
         <input_file_ref idref="fl-cd"/>
      </object_component>
      <object_component id="oc-58">
         <name>.debug_info</name>
         <load_address>0x12280</load_address>
         <run_address>0x12280</run_address>
         <size>0x1a9</size>
         <input_file_ref idref="fl-cd"/>
      </object_component>
      <object_component id="oc-24b">
         <name>.debug_info</name>
         <load_address>0x12429</load_address>
         <run_address>0x12429</run_address>
         <size>0x161</size>
         <input_file_ref idref="fl-ce"/>
      </object_component>
      <object_component id="oc-39">
         <name>.debug_info</name>
         <load_address>0x1258a</load_address>
         <run_address>0x1258a</run_address>
         <size>0x119</size>
         <input_file_ref idref="fl-cf"/>
      </object_component>
      <object_component id="oc-8a">
         <name>.debug_info</name>
         <load_address>0x126a3</load_address>
         <run_address>0x126a3</run_address>
         <size>0x147</size>
         <input_file_ref idref="fl-d0"/>
      </object_component>
      <object_component id="oc-18b">
         <name>.debug_info</name>
         <load_address>0x127ea</load_address>
         <run_address>0x127ea</run_address>
         <size>0x4b3</size>
         <input_file_ref idref="fl-d1"/>
      </object_component>
      <object_component id="oc-ea">
         <name>.debug_info</name>
         <load_address>0x12c9d</load_address>
         <run_address>0x12c9d</run_address>
         <size>0x1a6</size>
         <input_file_ref idref="fl-d1"/>
      </object_component>
      <object_component id="oc-229">
         <name>.debug_info</name>
         <load_address>0x12e43</load_address>
         <run_address>0x12e43</run_address>
         <size>0x39</size>
         <input_file_ref idref="fl-d1"/>
      </object_component>
      <object_component id="oc-25f">
         <name>.debug_info</name>
         <load_address>0x12e7c</load_address>
         <run_address>0x12e7c</run_address>
         <size>0x39</size>
         <input_file_ref idref="fl-d1"/>
      </object_component>
      <object_component id="oc-22e">
         <name>.debug_info</name>
         <load_address>0x12eb5</load_address>
         <run_address>0x12eb5</run_address>
         <size>0x39</size>
         <input_file_ref idref="fl-d1"/>
      </object_component>
      <object_component id="oc-233">
         <name>.debug_info</name>
         <load_address>0x12eee</load_address>
         <run_address>0x12eee</run_address>
         <size>0xcd</size>
         <input_file_ref idref="fl-d1"/>
      </object_component>
      <object_component id="oc-8e">
         <name>.debug_info</name>
         <load_address>0x12fbb</load_address>
         <run_address>0x12fbb</run_address>
         <size>0x153</size>
         <input_file_ref idref="fl-d2"/>
      </object_component>
      <object_component id="oc-dc">
         <name>.debug_info</name>
         <load_address>0x1310e</load_address>
         <run_address>0x1310e</run_address>
         <size>0x122</size>
         <input_file_ref idref="fl-d4"/>
      </object_component>
      <object_component id="oc-2ae">
         <name>.debug_info</name>
         <load_address>0x13230</load_address>
         <run_address>0x13230</run_address>
         <size>0x9c</size>
      </object_component>
      <object_component id="oc-1a3">
         <name>.debug_line</name>
         <load_address>0x0</load_address>
         <run_address>0x0</run_address>
         <size>0x20</size>
         <input_file_ref idref="fl-2"/>
      </object_component>
      <object_component id="oc-1af">
         <name>.debug_line</name>
         <load_address>0x20</load_address>
         <run_address>0x20</run_address>
         <size>0x2e</size>
         <input_file_ref idref="fl-2"/>
      </object_component>
      <object_component id="oc-c7">
         <name>.debug_line</name>
         <load_address>0x4e</load_address>
         <run_address>0x4e</run_address>
         <size>0xfb</size>
         <input_file_ref idref="fl-2"/>
      </object_component>
      <object_component id="oc-1a7">
         <name>.debug_line</name>
         <load_address>0x149</load_address>
         <run_address>0x149</run_address>
         <size>0x58</size>
         <input_file_ref idref="fl-2"/>
      </object_component>
      <object_component id="oc-b1">
         <name>.debug_line</name>
         <load_address>0x1a1</load_address>
         <run_address>0x1a1</run_address>
         <size>0x6f</size>
         <input_file_ref idref="fl-2"/>
      </object_component>
      <object_component id="oc-1ac">
         <name>.debug_line</name>
         <load_address>0x210</load_address>
         <run_address>0x210</run_address>
         <size>0x5b</size>
         <input_file_ref idref="fl-2"/>
      </object_component>
      <object_component id="oc-35">
         <name>.debug_line</name>
         <load_address>0x26b</load_address>
         <run_address>0x26b</run_address>
         <size>0x20</size>
         <input_file_ref idref="fl-2"/>
      </object_component>
      <object_component id="oc-120">
         <name>.debug_line</name>
         <load_address>0x28b</load_address>
         <run_address>0x28b</run_address>
         <size>0x73</size>
         <input_file_ref idref="fl-2"/>
      </object_component>
      <object_component id="oc-d9">
         <name>.debug_line</name>
         <load_address>0x2fe</load_address>
         <run_address>0x2fe</run_address>
         <size>0x70</size>
         <input_file_ref idref="fl-2"/>
      </object_component>
      <object_component id="oc-218">
         <name>.debug_line</name>
         <load_address>0x36e</load_address>
         <run_address>0x36e</run_address>
         <size>0x4c</size>
         <input_file_ref idref="fl-3"/>
      </object_component>
      <object_component id="oc-17f">
         <name>.debug_line</name>
         <load_address>0x3ba</load_address>
         <run_address>0x3ba</run_address>
         <size>0x36</size>
         <input_file_ref idref="fl-3"/>
      </object_component>
      <object_component id="oc-17c">
         <name>.debug_line</name>
         <load_address>0x3f0</load_address>
         <run_address>0x3f0</run_address>
         <size>0x36</size>
         <input_file_ref idref="fl-3"/>
      </object_component>
      <object_component id="oc-95">
         <name>.debug_line</name>
         <load_address>0x426</load_address>
         <run_address>0x426</run_address>
         <size>0xd1</size>
         <input_file_ref idref="fl-3"/>
      </object_component>
      <object_component id="oc-1b5">
         <name>.debug_line</name>
         <load_address>0x4f7</load_address>
         <run_address>0x4f7</run_address>
         <size>0x58</size>
         <input_file_ref idref="fl-3"/>
      </object_component>
      <object_component id="oc-1b1">
         <name>.debug_line</name>
         <load_address>0x54f</load_address>
         <run_address>0x54f</run_address>
         <size>0x79</size>
         <input_file_ref idref="fl-4"/>
      </object_component>
      <object_component id="oc-1c2">
         <name>.debug_line</name>
         <load_address>0x5c8</load_address>
         <run_address>0x5c8</run_address>
         <size>0x30</size>
         <input_file_ref idref="fl-4"/>
      </object_component>
      <object_component id="oc-1b8">
         <name>.debug_line</name>
         <load_address>0x5f8</load_address>
         <run_address>0x5f8</run_address>
         <size>0x30</size>
         <input_file_ref idref="fl-4"/>
      </object_component>
      <object_component id="oc-1ba">
         <name>.debug_line</name>
         <load_address>0x628</load_address>
         <run_address>0x628</run_address>
         <size>0x30</size>
         <input_file_ref idref="fl-4"/>
      </object_component>
      <object_component id="oc-1bc">
         <name>.debug_line</name>
         <load_address>0x658</load_address>
         <run_address>0x658</run_address>
         <size>0x30</size>
         <input_file_ref idref="fl-4"/>
      </object_component>
      <object_component id="oc-1be">
         <name>.debug_line</name>
         <load_address>0x688</load_address>
         <run_address>0x688</run_address>
         <size>0x30</size>
         <input_file_ref idref="fl-4"/>
      </object_component>
      <object_component id="oc-1c0">
         <name>.debug_line</name>
         <load_address>0x6b8</load_address>
         <run_address>0x6b8</run_address>
         <size>0x30</size>
         <input_file_ref idref="fl-4"/>
      </object_component>
      <object_component id="oc-1c4">
         <name>.debug_line</name>
         <load_address>0x6e8</load_address>
         <run_address>0x6e8</run_address>
         <size>0x30</size>
         <input_file_ref idref="fl-4"/>
      </object_component>
      <object_component id="oc-1c6">
         <name>.debug_line</name>
         <load_address>0x718</load_address>
         <run_address>0x718</run_address>
         <size>0x30</size>
         <input_file_ref idref="fl-4"/>
      </object_component>
      <object_component id="oc-1c8">
         <name>.debug_line</name>
         <load_address>0x748</load_address>
         <run_address>0x748</run_address>
         <size>0x30</size>
         <input_file_ref idref="fl-4"/>
      </object_component>
      <object_component id="oc-1ca">
         <name>.debug_line</name>
         <load_address>0x778</load_address>
         <run_address>0x778</run_address>
         <size>0x30</size>
         <input_file_ref idref="fl-4"/>
      </object_component>
      <object_component id="oc-1cc">
         <name>.debug_line</name>
         <load_address>0x7a8</load_address>
         <run_address>0x7a8</run_address>
         <size>0x30</size>
         <input_file_ref idref="fl-4"/>
      </object_component>
      <object_component id="oc-1ce">
         <name>.debug_line</name>
         <load_address>0x7d8</load_address>
         <run_address>0x7d8</run_address>
         <size>0x30</size>
         <input_file_ref idref="fl-4"/>
      </object_component>
      <object_component id="oc-1d0">
         <name>.debug_line</name>
         <load_address>0x808</load_address>
         <run_address>0x808</run_address>
         <size>0x30</size>
         <input_file_ref idref="fl-4"/>
      </object_component>
      <object_component id="oc-1d2">
         <name>.debug_line</name>
         <load_address>0x838</load_address>
         <run_address>0x838</run_address>
         <size>0x30</size>
         <input_file_ref idref="fl-4"/>
      </object_component>
      <object_component id="oc-1d4">
         <name>.debug_line</name>
         <load_address>0x868</load_address>
         <run_address>0x868</run_address>
         <size>0x30</size>
         <input_file_ref idref="fl-4"/>
      </object_component>
      <object_component id="oc-1d6">
         <name>.debug_line</name>
         <load_address>0x898</load_address>
         <run_address>0x898</run_address>
         <size>0x30</size>
         <input_file_ref idref="fl-4"/>
      </object_component>
      <object_component id="oc-1d8">
         <name>.debug_line</name>
         <load_address>0x8c8</load_address>
         <run_address>0x8c8</run_address>
         <size>0x30</size>
         <input_file_ref idref="fl-4"/>
      </object_component>
      <object_component id="oc-1da">
         <name>.debug_line</name>
         <load_address>0x8f8</load_address>
         <run_address>0x8f8</run_address>
         <size>0x30</size>
         <input_file_ref idref="fl-4"/>
      </object_component>
      <object_component id="oc-1dc">
         <name>.debug_line</name>
         <load_address>0x928</load_address>
         <run_address>0x928</run_address>
         <size>0x30</size>
         <input_file_ref idref="fl-4"/>
      </object_component>
      <object_component id="oc-1de">
         <name>.debug_line</name>
         <load_address>0x958</load_address>
         <run_address>0x958</run_address>
         <size>0x30</size>
         <input_file_ref idref="fl-4"/>
      </object_component>
      <object_component id="oc-ce">
         <name>.debug_line</name>
         <load_address>0x988</load_address>
         <run_address>0x988</run_address>
         <size>0x9e5</size>
         <input_file_ref idref="fl-4"/>
      </object_component>
      <object_component id="oc-ad">
         <name>.debug_line</name>
         <load_address>0x136d</load_address>
         <run_address>0x136d</run_address>
         <size>0x40</size>
         <input_file_ref idref="fl-5"/>
      </object_component>
      <object_component id="oc-6e">
         <name>.debug_line</name>
         <load_address>0x13ad</load_address>
         <run_address>0x13ad</run_address>
         <size>0x40</size>
         <input_file_ref idref="fl-5"/>
      </object_component>
      <object_component id="oc-69">
         <name>.debug_line</name>
         <load_address>0x13ed</load_address>
         <run_address>0x13ed</run_address>
         <size>0x71</size>
         <input_file_ref idref="fl-5"/>
      </object_component>
      <object_component id="oc-1a1">
         <name>.debug_line</name>
         <load_address>0x145e</load_address>
         <run_address>0x145e</run_address>
         <size>0x3b</size>
         <input_file_ref idref="fl-6"/>
      </object_component>
      <object_component id="oc-aa">
         <name>.debug_line</name>
         <load_address>0x1499</load_address>
         <run_address>0x1499</run_address>
         <size>0x134</size>
         <input_file_ref idref="fl-6"/>
      </object_component>
      <object_component id="oc-25b">
         <name>.debug_line</name>
         <load_address>0x15cd</load_address>
         <run_address>0x15cd</run_address>
         <size>0x9b</size>
         <input_file_ref idref="fl-c0"/>
      </object_component>
      <object_component id="oc-245">
         <name>.debug_line</name>
         <load_address>0x1668</load_address>
         <run_address>0x1668</run_address>
         <size>0x2b</size>
         <input_file_ref idref="fl-c0"/>
      </object_component>
      <object_component id="oc-174">
         <name>.debug_line</name>
         <load_address>0x1693</load_address>
         <run_address>0x1693</run_address>
         <size>0x2b6</size>
         <input_file_ref idref="fl-c0"/>
      </object_component>
      <object_component id="oc-258">
         <name>.debug_line</name>
         <load_address>0x1949</load_address>
         <run_address>0x1949</run_address>
         <size>0x9a</size>
         <input_file_ref idref="fl-c0"/>
      </object_component>
      <object_component id="oc-212">
         <name>.debug_line</name>
         <load_address>0x19e3</load_address>
         <run_address>0x19e3</run_address>
         <size>0x97</size>
         <input_file_ref idref="fl-c0"/>
      </object_component>
      <object_component id="oc-26c">
         <name>.debug_line</name>
         <load_address>0x1a7a</load_address>
         <run_address>0x1a7a</run_address>
         <size>0x91</size>
         <input_file_ref idref="fl-c1"/>
      </object_component>
      <object_component id="oc-1ed">
         <name>.debug_line</name>
         <load_address>0x1b0b</load_address>
         <run_address>0x1b0b</run_address>
         <size>0x13f</size>
         <input_file_ref idref="fl-c1"/>
      </object_component>
      <object_component id="oc-273">
         <name>.debug_line</name>
         <load_address>0x1c4a</load_address>
         <run_address>0x1c4a</run_address>
         <size>0x9b</size>
         <input_file_ref idref="fl-c2"/>
      </object_component>
      <object_component id="oc-20b">
         <name>.debug_line</name>
         <load_address>0x1ce5</load_address>
         <run_address>0x1ce5</run_address>
         <size>0xa4</size>
         <input_file_ref idref="fl-c2"/>
      </object_component>
      <object_component id="oc-277">
         <name>.debug_line</name>
         <load_address>0x1d89</load_address>
         <run_address>0x1d89</run_address>
         <size>0x9a</size>
         <input_file_ref idref="fl-c2"/>
      </object_component>
      <object_component id="oc-253">
         <name>.debug_line</name>
         <load_address>0x1e23</load_address>
         <run_address>0x1e23</run_address>
         <size>0x97</size>
         <input_file_ref idref="fl-c2"/>
      </object_component>
      <object_component id="oc-1e4">
         <name>.debug_line</name>
         <load_address>0x1eba</load_address>
         <run_address>0x1eba</run_address>
         <size>0xd2</size>
         <input_file_ref idref="fl-c3"/>
      </object_component>
      <object_component id="oc-1ff">
         <name>.debug_line</name>
         <load_address>0x1f8c</load_address>
         <run_address>0x1f8c</run_address>
         <size>0x77</size>
         <input_file_ref idref="fl-c4"/>
      </object_component>
      <object_component id="oc-207">
         <name>.debug_line</name>
         <load_address>0x2003</load_address>
         <run_address>0x2003</run_address>
         <size>0x77</size>
         <input_file_ref idref="fl-c4"/>
      </object_component>
      <object_component id="oc-1e9">
         <name>.debug_line</name>
         <load_address>0x207a</load_address>
         <run_address>0x207a</run_address>
         <size>0xa8</size>
         <input_file_ref idref="fl-c5"/>
      </object_component>
      <object_component id="oc-1f7">
         <name>.debug_line</name>
         <load_address>0x2122</load_address>
         <run_address>0x2122</run_address>
         <size>0x8e</size>
         <input_file_ref idref="fl-c6"/>
      </object_component>
      <object_component id="oc-177">
         <name>.debug_line</name>
         <load_address>0x21b0</load_address>
         <run_address>0x21b0</run_address>
         <size>0x5a</size>
         <input_file_ref idref="fl-c7"/>
      </object_component>
      <object_component id="oc-16c">
         <name>.debug_line</name>
         <load_address>0x220a</load_address>
         <run_address>0x220a</run_address>
         <size>0x50</size>
         <input_file_ref idref="fl-c8"/>
      </object_component>
      <object_component id="oc-c0">
         <name>.debug_line</name>
         <load_address>0x225a</load_address>
         <run_address>0x225a</run_address>
         <size>0x92</size>
         <input_file_ref idref="fl-c9"/>
      </object_component>
      <object_component id="oc-4d">
         <name>.debug_line</name>
         <load_address>0x22ec</load_address>
         <run_address>0x22ec</run_address>
         <size>0x53</size>
         <input_file_ref idref="fl-c9"/>
      </object_component>
      <object_component id="oc-84">
         <name>.debug_line</name>
         <load_address>0x233f</load_address>
         <run_address>0x233f</run_address>
         <size>0x34</size>
         <input_file_ref idref="fl-c9"/>
      </object_component>
      <object_component id="oc-bd">
         <name>.debug_line</name>
         <load_address>0x2373</load_address>
         <run_address>0x2373</run_address>
         <size>0x92</size>
         <input_file_ref idref="fl-c9"/>
      </object_component>
      <object_component id="oc-7f">
         <name>.debug_line</name>
         <load_address>0x2405</load_address>
         <run_address>0x2405</run_address>
         <size>0x20</size>
         <input_file_ref idref="fl-ca"/>
      </object_component>
      <object_component id="oc-1f">
         <name>.debug_line</name>
         <load_address>0x2425</load_address>
         <run_address>0x2425</run_address>
         <size>0x55</size>
         <input_file_ref idref="fl-ca"/>
      </object_component>
      <object_component id="oc-40">
         <name>.debug_line</name>
         <load_address>0x247a</load_address>
         <run_address>0x247a</run_address>
         <size>0x3a</size>
         <input_file_ref idref="fl-ca"/>
      </object_component>
      <object_component id="oc-7c">
         <name>.debug_line</name>
         <load_address>0x24b4</load_address>
         <run_address>0x24b4</run_address>
         <size>0x92</size>
         <input_file_ref idref="fl-ca"/>
      </object_component>
      <object_component id="oc-b9">
         <name>.debug_line</name>
         <load_address>0x2546</load_address>
         <run_address>0x2546</run_address>
         <size>0x20</size>
         <input_file_ref idref="fl-cb"/>
      </object_component>
      <object_component id="oc-1b">
         <name>.debug_line</name>
         <load_address>0x2566</load_address>
         <run_address>0x2566</run_address>
         <size>0xa9</size>
         <input_file_ref idref="fl-cb"/>
      </object_component>
      <object_component id="oc-30">
         <name>.debug_line</name>
         <load_address>0x260f</load_address>
         <run_address>0x260f</run_address>
         <size>0x3a</size>
         <input_file_ref idref="fl-cb"/>
      </object_component>
      <object_component id="oc-b6">
         <name>.debug_line</name>
         <load_address>0x2649</load_address>
         <run_address>0x2649</run_address>
         <size>0x9a</size>
         <input_file_ref idref="fl-cb"/>
      </object_component>
      <object_component id="oc-75">
         <name>.debug_line</name>
         <load_address>0x26e3</load_address>
         <run_address>0x26e3</run_address>
         <size>0x96</size>
         <input_file_ref idref="fl-cb"/>
      </object_component>
      <object_component id="oc-270">
         <name>.debug_line</name>
         <load_address>0x2779</load_address>
         <run_address>0x2779</run_address>
         <size>0x20</size>
         <input_file_ref idref="fl-cc"/>
      </object_component>
      <object_component id="oc-26e">
         <name>.debug_line</name>
         <load_address>0x2799</load_address>
         <run_address>0x2799</run_address>
         <size>0x2b</size>
         <input_file_ref idref="fl-cc"/>
      </object_component>
      <object_component id="oc-1f5">
         <name>.debug_line</name>
         <load_address>0x27c4</load_address>
         <run_address>0x27c4</run_address>
         <size>0x40</size>
         <input_file_ref idref="fl-cc"/>
      </object_component>
      <object_component id="oc-71">
         <name>.debug_line</name>
         <load_address>0x2804</load_address>
         <run_address>0x2804</run_address>
         <size>0x33</size>
         <input_file_ref idref="fl-cd"/>
      </object_component>
      <object_component id="oc-5a">
         <name>.debug_line</name>
         <load_address>0x2837</load_address>
         <run_address>0x2837</run_address>
         <size>0x45</size>
         <input_file_ref idref="fl-cd"/>
      </object_component>
      <object_component id="oc-249">
         <name>.debug_line</name>
         <load_address>0x287c</load_address>
         <run_address>0x287c</run_address>
         <size>0x45</size>
         <input_file_ref idref="fl-ce"/>
      </object_component>
      <object_component id="oc-38">
         <name>.debug_line</name>
         <load_address>0x28c1</load_address>
         <run_address>0x28c1</run_address>
         <size>0x88</size>
         <input_file_ref idref="fl-cf"/>
      </object_component>
      <object_component id="oc-88">
         <name>.debug_line</name>
         <load_address>0x2949</load_address>
         <run_address>0x2949</run_address>
         <size>0x79</size>
         <input_file_ref idref="fl-d0"/>
      </object_component>
      <object_component id="oc-228">
         <name>.debug_line</name>
         <load_address>0x29c2</load_address>
         <run_address>0x29c2</run_address>
         <size>0xbf</size>
         <input_file_ref idref="fl-d1"/>
      </object_component>
      <object_component id="oc-e9">
         <name>.debug_line</name>
         <load_address>0x2a81</load_address>
         <run_address>0x2a81</run_address>
         <size>0x6f</size>
         <input_file_ref idref="fl-d1"/>
      </object_component>
      <object_component id="oc-22c">
         <name>.debug_line</name>
         <load_address>0x2af0</load_address>
         <run_address>0x2af0</run_address>
         <size>0x2e</size>
         <input_file_ref idref="fl-d1"/>
      </object_component>
      <object_component id="oc-262">
         <name>.debug_line</name>
         <load_address>0x2b1e</load_address>
         <run_address>0x2b1e</run_address>
         <size>0x9a</size>
         <input_file_ref idref="fl-d1"/>
      </object_component>
      <object_component id="oc-231">
         <name>.debug_line</name>
         <load_address>0x2bb8</load_address>
         <run_address>0x2bb8</run_address>
         <size>0x97</size>
         <input_file_ref idref="fl-d1"/>
      </object_component>
      <object_component id="oc-236">
         <name>.debug_line</name>
         <load_address>0x2c4f</load_address>
         <run_address>0x2c4f</run_address>
         <size>0x93</size>
         <input_file_ref idref="fl-d1"/>
      </object_component>
      <object_component id="oc-92">
         <name>.debug_line</name>
         <load_address>0x2ce2</load_address>
         <run_address>0x2ce2</run_address>
         <size>0x40</size>
         <input_file_ref idref="fl-d2"/>
      </object_component>
      <object_component id="oc-df">
         <name>.debug_line</name>
         <load_address>0x2d22</load_address>
         <run_address>0x2d22</run_address>
         <size>0x3c</size>
         <input_file_ref idref="fl-d4"/>
      </object_component>
      <object_component id="oc-c8">
         <name>.debug_frame</name>
         <load_address>0x0</load_address>
         <run_address>0x0</run_address>
         <size>0xb0</size>
         <input_file_ref idref="fl-2"/>
      </object_component>
      <object_component id="oc-96">
         <name>.debug_frame</name>
         <load_address>0xb0</load_address>
         <run_address>0xb0</run_address>
         <size>0x60</size>
         <input_file_ref idref="fl-3"/>
      </object_component>
      <object_component id="oc-cd">
         <name>.debug_frame</name>
         <load_address>0x110</load_address>
         <run_address>0x110</run_address>
         <size>0x44c</size>
         <input_file_ref idref="fl-4"/>
      </object_component>
      <object_component id="oc-6a">
         <name>.debug_frame</name>
         <load_address>0x55c</load_address>
         <run_address>0x55c</run_address>
         <size>0x6c</size>
         <input_file_ref idref="fl-5"/>
      </object_component>
      <object_component id="oc-a9">
         <name>.debug_frame</name>
         <load_address>0x5c8</load_address>
         <run_address>0x5c8</run_address>
         <size>0x70</size>
         <input_file_ref idref="fl-6"/>
      </object_component>
      <object_component id="oc-171">
         <name>.debug_frame</name>
         <load_address>0x638</load_address>
         <run_address>0x638</run_address>
         <size>0x7c</size>
         <input_file_ref idref="fl-c0"/>
      </object_component>
      <object_component id="oc-1ec">
         <name>.debug_frame</name>
         <load_address>0x6b4</load_address>
         <run_address>0x6b4</run_address>
         <size>0x64</size>
         <input_file_ref idref="fl-c1"/>
      </object_component>
      <object_component id="oc-20a">
         <name>.debug_frame</name>
         <load_address>0x718</load_address>
         <run_address>0x718</run_address>
         <size>0x64</size>
         <input_file_ref idref="fl-c2"/>
      </object_component>
      <object_component id="oc-4e">
         <name>.debug_frame</name>
         <load_address>0x77c</load_address>
         <run_address>0x77c</run_address>
         <size>0x54</size>
         <input_file_ref idref="fl-c9"/>
      </object_component>
      <object_component id="oc-1e">
         <name>.debug_frame</name>
         <load_address>0x7d0</load_address>
         <run_address>0x7d0</run_address>
         <size>0x54</size>
         <input_file_ref idref="fl-ca"/>
      </object_component>
      <object_component id="oc-1c">
         <name>.debug_frame</name>
         <load_address>0x824</load_address>
         <run_address>0x824</run_address>
         <size>0x60</size>
         <input_file_ref idref="fl-cb"/>
      </object_component>
      <object_component id="oc-1f1">
         <name>.debug_frame</name>
         <load_address>0x884</load_address>
         <run_address>0x884</run_address>
         <size>0x54</size>
         <input_file_ref idref="fl-cc"/>
      </object_component>
      <object_component id="oc-57">
         <name>.debug_frame</name>
         <load_address>0x8d8</load_address>
         <run_address>0x8d8</run_address>
         <size>0x50</size>
         <input_file_ref idref="fl-cd"/>
      </object_component>
      <object_component id="oc-24a">
         <name>.debug_frame</name>
         <load_address>0x928</load_address>
         <run_address>0x928</run_address>
         <size>0x54</size>
         <input_file_ref idref="fl-ce"/>
      </object_component>
      <object_component id="oc-ec">
         <name>.debug_frame</name>
         <load_address>0x97c</load_address>
         <run_address>0x97c</run_address>
         <size>0x5c</size>
         <input_file_ref idref="fl-d1"/>
      </object_component>
      <object_component id="oc-91">
         <name>.debug_frame</name>
         <load_address>0x9d8</load_address>
         <run_address>0x9d8</run_address>
         <size>0x54</size>
         <input_file_ref idref="fl-d2"/>
      </object_component>
      <object_component id="oc-e0">
         <name>.debug_frame</name>
         <load_address>0xa2c</load_address>
         <run_address>0xa2c</run_address>
         <size>0x54</size>
         <input_file_ref idref="fl-d4"/>
      </object_component>
      <object_component id="oc-1a2">
         <name>.debug_abbrev</name>
         <load_address>0x0</load_address>
         <run_address>0x0</run_address>
         <size>0x71</size>
         <input_file_ref idref="fl-2"/>
      </object_component>
      <object_component id="oc-1ae">
         <name>.debug_abbrev</name>
         <load_address>0x71</load_address>
         <run_address>0x71</run_address>
         <size>0x29</size>
         <input_file_ref idref="fl-2"/>
      </object_component>
      <object_component id="oc-126">
         <name>.debug_abbrev</name>
         <load_address>0x9a</load_address>
         <run_address>0x9a</run_address>
         <size>0xa9</size>
         <input_file_ref idref="fl-2"/>
      </object_component>
      <object_component id="oc-1a6">
         <name>.debug_abbrev</name>
         <load_address>0x143</load_address>
         <run_address>0x143</run_address>
         <size>0xbd</size>
         <input_file_ref idref="fl-2"/>
      </object_component>
      <object_component id="oc-b0">
         <name>.debug_abbrev</name>
         <load_address>0x200</load_address>
         <run_address>0x200</run_address>
         <size>0x69</size>
         <input_file_ref idref="fl-2"/>
      </object_component>
      <object_component id="oc-1ab">
         <name>.debug_abbrev</name>
         <load_address>0x269</load_address>
         <run_address>0x269</run_address>
         <size>0x97</size>
         <input_file_ref idref="fl-2"/>
      </object_component>
      <object_component id="oc-34">
         <name>.debug_abbrev</name>
         <load_address>0x300</load_address>
         <run_address>0x300</run_address>
         <size>0x1f</size>
         <input_file_ref idref="fl-2"/>
      </object_component>
      <object_component id="oc-11f">
         <name>.debug_abbrev</name>
         <load_address>0x31f</load_address>
         <run_address>0x31f</run_address>
         <size>0x5c</size>
         <input_file_ref idref="fl-2"/>
      </object_component>
      <object_component id="oc-d8">
         <name>.debug_abbrev</name>
         <load_address>0x37b</load_address>
         <run_address>0x37b</run_address>
         <size>0x24</size>
         <input_file_ref idref="fl-2"/>
      </object_component>
      <object_component id="oc-217">
         <name>.debug_abbrev</name>
         <load_address>0x39f</load_address>
         <run_address>0x39f</run_address>
         <size>0x101</size>
         <input_file_ref idref="fl-3"/>
      </object_component>
      <object_component id="oc-17e">
         <name>.debug_abbrev</name>
         <load_address>0x4a0</load_address>
         <run_address>0x4a0</run_address>
         <size>0x29</size>
         <input_file_ref idref="fl-3"/>
      </object_component>
      <object_component id="oc-17b">
         <name>.debug_abbrev</name>
         <load_address>0x4c9</load_address>
         <run_address>0x4c9</run_address>
         <size>0x29</size>
         <input_file_ref idref="fl-3"/>
      </object_component>
      <object_component id="oc-d5">
         <name>.debug_abbrev</name>
         <load_address>0x4f2</load_address>
         <run_address>0x4f2</run_address>
         <size>0x60</size>
         <input_file_ref idref="fl-3"/>
      </object_component>
      <object_component id="oc-1b4">
         <name>.debug_abbrev</name>
         <load_address>0x552</load_address>
         <run_address>0x552</run_address>
         <size>0xbd</size>
         <input_file_ref idref="fl-3"/>
      </object_component>
      <object_component id="oc-1b0">
         <name>.debug_abbrev</name>
         <load_address>0x60f</load_address>
         <run_address>0x60f</run_address>
         <size>0xe8</size>
         <input_file_ref idref="fl-4"/>
      </object_component>
      <object_component id="oc-1c1">
         <name>.debug_abbrev</name>
         <load_address>0x6f7</load_address>
         <run_address>0x6f7</run_address>
         <size>0x27</size>
         <input_file_ref idref="fl-4"/>
      </object_component>
      <object_component id="oc-1b7">
         <name>.debug_abbrev</name>
         <load_address>0x71e</load_address>
         <run_address>0x71e</run_address>
         <size>0x27</size>
         <input_file_ref idref="fl-4"/>
      </object_component>
      <object_component id="oc-1b9">
         <name>.debug_abbrev</name>
         <load_address>0x745</load_address>
         <run_address>0x745</run_address>
         <size>0x27</size>
         <input_file_ref idref="fl-4"/>
      </object_component>
      <object_component id="oc-1bb">
         <name>.debug_abbrev</name>
         <load_address>0x76c</load_address>
         <run_address>0x76c</run_address>
         <size>0x27</size>
         <input_file_ref idref="fl-4"/>
      </object_component>
      <object_component id="oc-1bd">
         <name>.debug_abbrev</name>
         <load_address>0x793</load_address>
         <run_address>0x793</run_address>
         <size>0x27</size>
         <input_file_ref idref="fl-4"/>
      </object_component>
      <object_component id="oc-1bf">
         <name>.debug_abbrev</name>
         <load_address>0x7ba</load_address>
         <run_address>0x7ba</run_address>
         <size>0x27</size>
[...]
         <value>0x16b</value>
         <object_component_ref idref="oc-c9"/>
      </symbol>
      <symbol id="sm-29d">
         <name>SSD1306_startscrolldiagleft</name>
         <value>0xf11</value>
         <object_component_ref idref="oc-c9"/>
      </symbol>
      <symbol id="sm-29e">
         <name>SSD1306_DrawFullImage</name>
         <value>0x5a9</value>
         <object_component_ref idref="oc-c9"/>
      </symbol>
      <symbol id="sm-29f">
         <name>SSD1306_stopscroll</name>
         <value>0xf51</value>
         <object_component_ref idref="oc-c9"/>
      </symbol>
      <symbol id="sm-2a0">
         <name>SSD1306_DrawFastHLine</name>
         <value>0x7ed</value>
         <object_component_ref idref="oc-c9"/>
      </symbol>
      <symbol id="sm-2a1">
         <name>SSD1306_OutChar</name>
         <value>0x101d</value>
         <object_component_ref idref="oc-c9"/>
      </symbol>
      <symbol id="sm-2a2">
         <name>SSD1306_InvertDisplay</name>
         <value>0xf5b</value>
         <object_component_ref idref="oc-c9"/>
      </symbol>
      <symbol id="sm-2a3">
         <name>SSD1306_OutUHex7</name>
         <value>0x180d</value>
         <object_component_ref idref="oc-c9"/>
      </symbol>
      <symbol id="sm-2a4">
         <name>SSD1306_Dim</name>
         <value>0xf71</value>
         <object_component_ref idref="oc-c9"/>
      </symbol>
      <symbol id="sm-2a5">
         <name>ssd1306_Testcommandwrite</name>
         <value>0x113</value>
         <object_component_ref idref="oc-c9"/>
      </symbol>
      <symbol id="sm-2a6">
         <name>SSD1306_drawFastVLineInternal</name>
         <value>0xb29</value>
         <object_component_ref idref="oc-c9"/>
      </symbol>
      <symbol id="sm-2a7">
         <name>SSD1306_startscrollleft</name>
         <value>0xe97</value>
         <object_component_ref idref="oc-c9"/>
      </symbol>
      <symbol id="sm-2a8">
         <name>SSD1306_OutString</name>
         <value>0x1143</value>
         <object_component_ref idref="oc-c9"/>
      </symbol>
      <symbol id="sm-2a9">
         <name>ssd1306_command1</name>
         <value>0x15b</value>
         <object_component_ref idref="oc-c9"/>
      </symbol>
      <symbol id="sm-2aa">
         <name>SSD1306_GetBuffer</name>
         <value>0xe27</value>
         <object_component_ref idref="oc-c9"/>
      </symbol>
      <symbol id="sm-2ab">
         <name>SSD1306_OutUDec16</name>
         <value>0x183d</value>
         <object_component_ref idref="oc-c9"/>
      </symbol>
      <symbol id="sm-2ac">
         <name>SSD1306_DrawPixel</name>
         <value>0x299</value>
         <object_component_ref idref="oc-c9"/>
      </symbol>
      <symbol id="sm-2ad">
         <name>SSD1306_DrawChar</name>
         <value>0x415</value>
         <object_component_ref idref="oc-c9"/>
      </symbol>
      <symbol id="sm-2ae">
         <name>SSD1306_SetCursor</name>
         <value>0xfa3</value>
         <object_component_ref idref="oc-c9"/>
      </symbol>
      <symbol id="sm-2af">
         <name>SSD1306_Init</name>
         <value>0x193</value>
         <object_component_ref idref="oc-c9"/>
      </symbol>
      <symbol id="sm-2b0">
         <name>SSD1306_GetPixel</name>
         <value>0xd29</value>
         <object_component_ref idref="oc-c9"/>
      </symbol>
      <symbol id="sm-2b1">
         <name>SSD1306_DrawFastVLine</name>
         <value>0xa11</value>
         <object_component_ref idref="oc-c9"/>
      </symbol>
      <symbol id="sm-2b2">
         <name>ssd1306_command</name>
         <value>0x14b</value>
         <object_component_ref idref="oc-c9"/>
      </symbol>
      <symbol id="sm-2b3">
         <name>SSD1306_ClearBuffer</name>
         <value>0x515</value>
         <object_component_ref idref="oc-c9"/>
      </symbol>
      <symbol id="sm-2b4">
         <name>SSD1306_OutSDec</name>
         <value>0x1389</value>
         <object_component_ref idref="oc-c9"/>
      </symbol>
      <symbol id="sm-2b5">
         <name>SSD1306_OutHex7</name>
         <value>0x17d7</value>
         <object_component_ref idref="oc-c9"/>
      </symbol>
      <symbol id="sm-2b6">
         <name>SSD1306_OutUFix1</name>
         <value>0x1655</value>
         <object_component_ref idref="oc-c9"/>
      </symbol>
      <symbol id="sm-2b7">
         <name>SSD1306_OutUDec2</name>
         <value>0x18d5</value>
         <object_component_ref idref="oc-c9"/>
      </symbol>
      <symbol id="sm-2b8">
         <name>SSD1306_startscrolldiagright</name>
         <value>0xecd</value>
         <object_component_ref idref="oc-c9"/>
      </symbol>
      <symbol id="sm-2b9">
         <name>CurrentX</name>
         <value>0x20000424</value>
         <object_component_ref idref="oc-165"/>
      </symbol>
      <symbol id="sm-2ba">
         <name>CurrentY</name>
         <value>0x20000426</value>
         <object_component_ref idref="oc-165"/>
      </symbol>
      <symbol id="sm-2bb">
         <name>SSD1306_OutSFix1</name>
         <value>0x16e9</value>
         <object_component_ref idref="oc-c9"/>
      </symbol>
      <symbol id="sm-2bc">
         <name>SSD1306_Clear</name>
         <value>0x555</value>
         <object_component_ref idref="oc-c9"/>
      </symbol>
      <symbol id="sm-2bd">
         <name>SSD1306_drawFastHLineInternal</name>
         <value>0x8ff</value>
         <object_component_ref idref="oc-c9"/>
      </symbol>
      <symbol id="sm-2be">
         <name>SSD1306_startscrollright</name>
         <value>0xe65</value>
         <object_component_ref idref="oc-c9"/>
      </symbol>
      <symbol id="sm-2bf">
         <name>SSD1306_OutUDec</name>
         <value>0x119d</value>
         <object_component_ref idref="oc-c9"/>
      </symbol>
      <symbol id="sm-2c0">
         <name>SSD1306_DrawString</name>
         <value>0x4c9</value>
         <object_component_ref idref="oc-c9"/>
      </symbol>
      <symbol id="sm-2d5">
         <name>Reset_Handler</name>
         <value>0x34c3</value>
         <object_component_ref idref="oc-67"/>
      </symbol>
      <symbol id="sm-2d6">
         <name>Default_Handler</name>
         <value>0x34cf</value>
         <object_component_ref idref="oc-67"/>
      </symbol>
      <symbol id="sm-2d7">
         <name>interruptVectors</name>
         <value>0x0</value>
         <object_component_ref idref="oc-26"/>
      </symbol>
      <symbol id="sm-31f">
         <name>SystemInit</name>
         <value>0x257d</value>
         <object_component_ref idref="oc-a5"/>
      </symbol>
      <symbol id="sm-320">
         <name>SystemCoreClockUpdate</name>
         <value>0x2305</value>
         <object_component_ref idref="oc-a5"/>
      </symbol>
      <symbol id="sm-321">
         <name>SystemCoreClock</name>
         <value>0x2000042c</value>
         <object_component_ref idref="oc-119"/>
      </symbol>
      <symbol id="sm-3b7">
         <name>pow</name>
         <value>0x1935</value>
         <object_component_ref idref="oc-16f"/>
      </symbol>
      <symbol id="sm-3b8">
         <name>powl</name>
         <value>0x1935</value>
         <object_component_ref idref="oc-16f"/>
      </symbol>
      <symbol id="sm-3da">
         <name>sqrtl</name>
         <value>0x2c85</value>
         <object_component_ref idref="oc-1ea"/>
      </symbol>
      <symbol id="sm-3db">
         <name>sqrt</name>
         <value>0x2c85</value>
         <object_component_ref idref="oc-1ea"/>
      </symbol>
      <symbol id="sm-402">
         <name>scalbn</name>
         <value>0x2f15</value>
         <object_component_ref idref="oc-208"/>
      </symbol>
      <symbol id="sm-403">
         <name>scalbnl</name>
         <value>0x2f15</value>
         <object_component_ref idref="oc-208"/>
      </symbol>
      <symbol id="sm-404">
         <name>ldexpl</name>
         <value>0x2f15</value>
         <object_component_ref idref="oc-208"/>
      </symbol>
      <symbol id="sm-405">
         <name>ldexp</name>
         <value>0x2f15</value>
         <object_component_ref idref="oc-208"/>
      </symbol>
      <symbol id="sm-41c">
         <name>__aeabi_dsub</name>
         <value>0x2acd</value>
         <object_component_ref idref="oc-1e0"/>
      </symbol>
      <symbol id="sm-41d">
         <name>__aeabi_dadd</name>
         <value>0x2ad7</value>
         <object_component_ref idref="oc-1e0"/>
      </symbol>
      <symbol id="sm-43f">
         <name>__aeabi_cdcmpeq</name>
         <value>0x31bd</value>
         <object_component_ref idref="oc-1fe"/>
      </symbol>
      <symbol id="sm-440">
         <name>__aeabi_cdcmple</name>
         <value>0x31bd</value>
         <object_component_ref idref="oc-1fe"/>
      </symbol>
      <symbol id="sm-441">
         <name>__aeabi_cdrcmple</name>
         <value>0x3243</value>
         <object_component_ref idref="oc-203"/>
      </symbol>
      <symbol id="sm-455">
         <name>__aeabi_ddiv</name>
         <value>0x2ddd</value>
         <object_component_ref idref="oc-1e5"/>
      </symbol>
      <symbol id="sm-460">
         <name>__aeabi_dmul</name>
         <value>0x3025</value>
         <object_component_ref idref="oc-1f6"/>
      </symbol>
      <symbol id="sm-46a">
         <name>__aeabi_d2iz</name>
         <value>0x33ab</value>
         <object_component_ref idref="oc-175"/>
      </symbol>
      <symbol id="sm-474">
         <name>__aeabi_i2d</name>
         <value>0x346d</value>
         <object_component_ref idref="oc-16a"/>
      </symbol>
      <symbol id="sm-48b">
         <name>__TI_zero_init</name>
         <value>0x34d1</value>
         <object_component_ref idref="oc-49"/>
      </symbol>
      <symbol id="sm-4a2">
         <name>__TI_decompress_none</name>
         <value>0x34b5</value>
         <object_component_ref idref="oc-1d"/>
      </symbol>
      <symbol id="sm-4c5">
         <name>__TI_decompress_lzss</name>
         <value>0x3343</value>
         <object_component_ref idref="oc-17"/>
      </symbol>
      <symbol id="sm-4db">
         <name>__aeabi_errno_addr</name>
         <value>0x34dd</value>
         <object_component_ref idref="oc-1f0"/>
      </symbol>
      <symbol id="sm-4dc">
         <name>errno</name>
         <value>0x20000428</value>
         <object_component_ref idref="oc-23e"/>
      </symbol>
      <symbol id="sm-4ef">
         <name>__stack</name>
         <value>0x2000fe00</value>
         <object_component_ref idref="oc-29"/>
      </symbol>
      <symbol id="sm-4f0">
         <name>_c_int00_noargs</name>
         <value>0x3439</value>
         <object_component_ref idref="oc-55"/>
      </symbol>
      <symbol id="sm-4fa">
         <name>copysign</name>
         <value>0x349b</value>
         <object_component_ref idref="oc-248"/>
      </symbol>
      <symbol id="sm-4fb">
         <name>copysignl</name>
         <value>0x349b</value>
         <object_component_ref idref="oc-248"/>
      </symbol>
      <symbol id="sm-516">
         <name>memcpy</name>
         <value>0x3121</value>
         <object_component_ref idref="oc-37"/>
      </symbol>
      <symbol id="sm-517">
         <name>__aeabi_memcpy</name>
         <value>0x3121</value>
         <object_component_ref idref="oc-37"/>
      </symbol>
      <symbol id="sm-518">
         <name>__aeabi_memcpy8</name>
         <value>0x3121</value>
         <object_component_ref idref="oc-37"/>
      </symbol>
      <symbol id="sm-519">
         <name>__aeabi_memcpy4</name>
         <value>0x3121</value>
         <object_component_ref idref="oc-37"/>
      </symbol>
      <symbol id="sm-528">
         <name>__aeabi_memset</name>
         <value>0x32cb</value>
         <object_component_ref idref="oc-87"/>
      </symbol>
      <symbol id="sm-529">
         <name>memset</name>
         <value>0x32d1</value>
         <object_component_ref idref="oc-87"/>
      </symbol>
      <symbol id="sm-52a">
         <name>__aeabi_memset8</name>
         <value>0x32cb</value>
         <object_component_ref idref="oc-87"/>
      </symbol>
      <symbol id="sm-52b">
         <name>__aeabi_memset4</name>
         <value>0x32cb</value>
         <object_component_ref idref="oc-87"/>
      </symbol>
      <symbol id="sm-52c">
         <name>__aeabi_memclr8</name>
         <value>0x32c9</value>
         <object_component_ref idref="oc-87"/>
      </symbol>
      <symbol id="sm-52d">
         <name>__aeabi_memclr4</name>
         <value>0x32c9</value>
         <object_component_ref idref="oc-87"/>
      </symbol>
      <symbol id="sm-52e">
         <name>__aeabi_memclr</name>
         <value>0x32c9</value>
         <object_component_ref idref="oc-87"/>
      </symbol>
      <symbol id="sm-556">
         <name>__TI_auto_init_nobinit_nopinit</name>
         <value>0x33f5</value>
         <object_component_ref idref="oc-e7"/>
      </symbol>
      <symbol id="sm-560">
         <name>_system_pre_init</name>
         <value>0x34e5</value>
         <object_component_ref idref="oc-8d"/>
      </symbol>
      <symbol id="sm-56c">
         <name>C$$EXIT</name>
         <value>0x34e9</value>
         <object_component_ref idref="oc-db"/>
      </symbol>
      <symbol id="sm-56d">
         <name>abort</name>
         <value>0x34e9</value>
         <object_component_ref idref="oc-db"/>
      </symbol>
      <symbol id="sm-570">
         <name>__TI_static_base__</name>
         <value>0x0</value>
      </symbol>
      <symbol id="sm-573">
         <name>__mpu_init</name>
         <value>0x0</value>
      </symbol>
      <symbol id="sm-574">
         <name>_system_post_cinit</name>
         <value>0x0</value>
      </symbol>
      <symbol id="sm-575">
         <name>NMI_Handler</name>
         <value>0x34cf</value>
      </symbol>
      <symbol id="sm-576">
         <name>HardFault_Handler</name>
         <value>0x34cf</value>
      </symbol>
      <symbol id="sm-577">
         <name>MemManage_Handler</name>
         <value>0x34cf</value>
      </symbol>
      <symbol id="sm-578">
         <name>BusFault_Handler</name>
         <value>0x34cf</value>
      </symbol>
      <symbol id="sm-579">
         <name>UsageFault_Handler</name>
         <value>0x34cf</value>
      </symbol>
      <symbol id="sm-57a">
         <name>SVC_Handler</name>
         <value>0x34cf</value>
      </symbol>
      <symbol id="sm-57b">
         <name>DebugMon_Handler</name>
         <value>0x34cf</value>
      </symbol>
      <symbol id="sm-57c">
         <name>PendSV_Handler</name>
         <value>0x34cf</value>
      </symbol>
      <symbol id="sm-57d">
         <name>SysTick_Handler</name>
         <value>0x34cf</value>
      </symbol>
      <symbol id="sm-57e">
         <name>PSS_IRQHandler</name>
         <value>0x34cf</value>
      </symbol>
      <symbol id="sm-57f">
         <name>CS_IRQHandler</name>
         <value>0x34cf</value>
      </symbol>
      <symbol id="sm-580">
         <name>PCM_IRQHandler</name>
         <value>0x34cf</value>
      </symbol>
      <symbol id="sm-581">
         <name>WDT_A_IRQHandler</name>
         <value>0x34cf</value>
      </symbol>
      <symbol id="sm-582">
         <name>FPU_IRQHandler</name>
         <value>0x34cf</value>
      </symbol>
      <symbol id="sm-583">
         <name>FLCTL_IRQHandler</name>
         <value>0x34cf</value>
      </symbol>
      <symbol id="sm-584">
         <name>COMP_E0_IRQHandler</name>
         <value>0x34cf</value>
      </symbol>
      <symbol id="sm-585">
         <name>COMP_E1_IRQHandler</name>
         <value>0x34cf</value>
      </symbol>
      <symbol id="sm-586">
         <name>TA0_0_IRQHandler</name>
         <value>0x34cf</value>
      </symbol>
      <symbol id="sm-587">
         <name>TA0_N_IRQHandler</name>
         <value>0x34cf</value>
      </symbol>
      <symbol id="sm-588">
         <name>TA1_0_IRQHandler</name>
         <value>0x34cf</value>
      </symbol>
      <symbol id="sm-589">
         <name>TA1_N_IRQHandler</name>
         <value>0x34cf</value>
      </symbol>
      <symbol id="sm-58a">
         <name>TA2_0_IRQHandler</name>
         <value>0x34cf</value>
      </symbol>
      <symbol id="sm-58b">
         <name>TA2_N_IRQHandler</name>
         <value>0x34cf</value>
      </symbol>
      <symbol id="sm-58c">
         <name>TA3_0_IRQHandler</name>
         <value>0x34cf</value>
      </symbol>
      <symbol id="sm-58d">
         <name>TA3_N_IRQHandler</name>
         <value>0x34cf</value>
      </symbol>
      <symbol id="sm-58e">
         <name>EUSCIA0_IRQHandler</name>
         <value>0x34cf</value>
      </symbol>
      <symbol id="sm-58f">
         <name>EUSCIA1_IRQHandler</name>
         <value>0x34cf</value>
      </symbol>
      <symbol id="sm-590">
         <name>EUSCIA2_IRQHandler</name>
         <value>0x34cf</value>
      </symbol>
      <symbol id="sm-591">
         <name>EUSCIA3_IRQHandler</name>
         <value>0x34cf</value>
      </symbol>
      <symbol id="sm-592">
         <name>EUSCIB0_IRQHandler</name>
         <value>0x34cf</value>
      </symbol>
      <symbol id="sm-593">
         <name>EUSCIB1_IRQHandler</name>
         <value>0x34cf</value>
      </symbol>
      <symbol id="sm-594">
         <name>EUSCIB2_IRQHandler</name>
         <value>0x34cf</value>
      </symbol>
      <symbol id="sm-595">
         <name>EUSCIB3_IRQHandler</name>
         <value>0x34cf</value>
      </symbol>
      <symbol id="sm-596">
         <name>ADC14_IRQHandler</name>
         <value>0x34cf</value>
      </symbol>
      <symbol id="sm-597">
         <name>T32_INT1_IRQHandler</name>
         <value>0x34cf</value>
      </symbol>
      <symbol id="sm-598">
         <name>T32_INT2_IRQHandler</name>
         <value>0x34cf</value>
      </symbol>
      <symbol id="sm-599">
         <name>T32_INTC_IRQHandler</name>
         <value>0x34cf</value>
      </symbol>
      <symbol id="sm-59a">
         <name>AES256_IRQHandler</name>
         <value>0x34cf</value>
      </symbol>
      <symbol id="sm-59b">
         <name>RTC_C_IRQHandler</name>
         <value>0x34cf</value>
      </symbol>
      <symbol id="sm-59c">
         <name>DMA_ERR_IRQHandler</name>
         <value>0x34cf</value>
      </symbol>
      <symbol id="sm-59d">
         <name>DMA_INT3_IRQHandler</name>
         <value>0x34cf</value>
      </symbol>
      <symbol id="sm-59e">
         <name>DMA_INT2_IRQHandler</name>
         <value>0x34cf</value>
      </symbol>
      <symbol id="sm-59f">
         <name>DMA_INT1_IRQHandler</name>
         <value>0x34cf</value>
      </symbol>
      <symbol id="sm-5a0">
         <name>DMA_INT0_IRQHandler</name>
         <value>0x34cf</value>
      </symbol>
      <symbol id="sm-5a1">
         <name>PORT1_IRQHandler</name>
         <value>0x34cf</value>
      </symbol>
      <symbol id="sm-5a2">
         <name>PORT2_IRQHandler</name>
         <value>0x34cf</value>
      </symbol>
      <symbol id="sm-5a3">
         <name>PORT3_IRQHandler</name>
         <value>0x34cf</value>
      </symbol>
      <symbol id="sm-5a4">
         <name>PORT4_IRQHandler</name>
         <value>0x34cf</value>
      </symbol>
      <symbol id="sm-5a5">
         <name>PORT5_IRQHandler</name>
         <value>0x34cf</value>
      </symbol>
      <symbol id="sm-5a6">
         <name>PORT6_IRQHandler</name>
         <value>0x34cf</value>
      </symbol>
   </symbol_table>
   <title>Link successful</title>
</link_info>
